Archive member included to satisfy reference by file (symbol)

/opt/devkitpro/libnx/lib/libnx.a(applet.o)
                              main.o (appletMainLoop)
/opt/devkitpro/libnx/lib/libnx.a(btdrv.o)
                              main.o (btdrvInitialize)
/opt/devkitpro/libnx/lib/libnx.a(btm.o)
                              main.o (btmInitialize)
/opt/devkitpro/libnx/lib/libnx.a(fs.o)
                              main.o (fsInitialize)
/opt/devkitpro/libnx/lib/libnx.a(sm.o)
                              /opt/devkitpro/libnx/lib/libnx.a(applet.o) (smGetServiceWrapper)
/opt/devkitpro/libnx/lib/libnx.a(diag.o)
                              /opt/devkitpro/libnx/lib/libnx.a(applet.o) (diagAbortWithResult)
/opt/devkitpro/libnx/lib/libnx.a(env.o)
                              /opt/devkitpro/libnx/lib/libnx.a(applet.o) (envIsNso)
/opt/devkitpro/libnx/lib/libnx.a(hosversion.o)
                              /opt/devkitpro/libnx/lib/libnx.a(applet.o) (hosversionGet)
/opt/devkitpro/libnx/lib/libnx.a(pad.o)
                              main.o (padConfigureInput)
/opt/devkitpro/libnx/lib/libnx.a(console.o)
                              main.o (consoleInit)
/opt/devkitpro/libnx/lib/libnx.a(console_sw.o)
                              /opt/devkitpro/libnx/lib/libnx.a(console.o) (getDefaultConsoleRenderer)
/opt/devkitpro/libnx/lib/libnx.a(fs_dev.o)
                              main.o (fsdevMountSdmc)
/opt/devkitpro/libnx/lib/libnx.a(path_buf.o)
                              /opt/devkitpro/libnx/lib/libnx.a(fs_dev.o) (__nx_dev_path_buf)
/opt/devkitpro/libnx/lib/libnx.a(decode_utf8.o)
                              /opt/devkitpro/libnx/lib/libnx.a(fs_dev.o) (decode_utf8)
/opt/devkitpro/libnx/lib/libnx.a(svc.o)
                              /opt/devkitpro/libnx/lib/libnx.a(applet.o) (svcExitProcess)
/opt/devkitpro/libnx/lib/libnx.a(readtp.o)
                              /opt/devkitpro/libnx/lib/libnx.a(fs.o) (__aarch64_read_tp)
/opt/devkitpro/libnx/lib/libnx.a(switch_crt0.o)
                              (_start)
/opt/devkitpro/libnx/lib/libnx.a(default_font.bin.o)
                              /opt/devkitpro/libnx/lib/libnx.a(console.o) (default_font_bin)
/opt/devkitpro/libnx/lib/libnx.a(event.o)
                              /opt/devkitpro/libnx/lib/libnx.a(applet.o) (eventLoadRemote)
/opt/devkitpro/libnx/lib/libnx.a(mutex.o)
                              /opt/devkitpro/libnx/lib/libnx.a(applet.o) (mutexLock)
/opt/devkitpro/libnx/lib/libnx.a(shmem.o)
                              /opt/devkitpro/libnx/lib/libnx.a(btdrv.o) (shmemLoadRemote)
/opt/devkitpro/libnx/lib/libnx.a(tmem.o)
                              /opt/devkitpro/libnx/lib/libnx.a(applet.o) (tmemCreate)
/opt/devkitpro/libnx/lib/libnx.a(virtmem.o)
                              /opt/devkitpro/libnx/lib/libnx.a(shmem.o) (virtmemLock)
/opt/devkitpro/libnx/lib/libnx.a(wait.o)
                              /opt/devkitpro/libnx/lib/libnx.a(applet.o) (waitObjects)
/opt/devkitpro/libnx/lib/libnx.a(sessionmgr.o)
                              /opt/devkitpro/libnx/lib/libnx.a(fs.o) (sessionmgrCreate)
/opt/devkitpro/libnx/lib/libnx.a(apm.o)
                              /opt/devkitpro/libnx/lib/libnx.a(applet.o) (apmInitialize)
/opt/devkitpro/libnx/lib/libnx.a(hid.o)
                              /opt/devkitpro/libnx/lib/libnx.a(pad.o) (hidGetNpadStyleSet)
/opt/devkitpro/libnx/lib/libnx.a(time.o)
                              /opt/devkitpro/libnx/lib/libnx.a(fs_dev.o) (timeToPosixTimeWithMyRule)
/opt/devkitpro/libnx/lib/libnx.a(default_window.o)
                              /opt/devkitpro/libnx/lib/libnx.a(console_sw.o) (nwindowGetDefault)
/opt/devkitpro/libnx/lib/libnx.a(framebuffer.o)
                              /opt/devkitpro/libnx/lib/libnx.a(console_sw.o) (framebufferMakeLinear)
/opt/devkitpro/libnx/lib/libnx.a(native_window.o)
                              /opt/devkitpro/libnx/lib/libnx.a(framebuffer.o) (nwindowIsValid)
/opt/devkitpro/libnx/lib/libnx.a(alloc.o)
                              /opt/devkitpro/libnx/lib/libnx.a(fs_dev.o) (__libnx_alloc)
/opt/devkitpro/libnx/lib/libnx.a(argv.o)
                              /opt/devkitpro/libnx/lib/libnx.a(fs_dev.o) (__system_argc)
/opt/devkitpro/libnx/lib/libnx.a(dynamic.o)
                              /opt/devkitpro/libnx/lib/libnx.a(switch_crt0.o) (__nx_dynamic)
/opt/devkitpro/libnx/lib/libnx.a(init.o)
                              /opt/devkitpro/libnx/lib/libnx.a(switch_crt0.o) (__libnx_init)
/opt/devkitpro/libnx/lib/libnx.a(newlib.o)
                              /opt/devkitpro/libnx/lib/libnx.a(init.o) (__libnx_init_time)
/opt/devkitpro/libnx/lib/libnx.a(nxlink.o)
                              /opt/devkitpro/libnx/lib/libnx.a(argv.o) (nxlinkSetup)
/opt/devkitpro/libnx/lib/libnx.a(cache.o)
                              /opt/devkitpro/libnx/lib/libnx.a(framebuffer.o) (armDCacheFlush)
/opt/devkitpro/libnx/lib/libnx.a(exception.o)
[...]
Memory Configuration

Name             Origin             Length             Attributes
*default*        0x0000000000000000 0xffffffffffffffff

Linker script and memory map

                0x0000000000000000                PROVIDE (__start__ = 0x0)
                0x0000000000000000                . = __start__
                [!provide]                        PROVIDE (__code_start = .)

.text           0x0000000000000000    0x27548
 *(.crt0)
 .crt0          0x0000000000000000      0x130 /opt/devkitpro/libnx/lib/libnx.a(switch_crt0.o)
                0x0000000000000000                _start
                0x00000000000000e0                __nx_exit
                0x00000000000000f0                __nx_mod0
 *(.text.unlikely .text.*_unlikely .text.unlikely.*)
 *(.text.exit .text.exit.*)
 *fill*         0x0000000000000130       0x10 
 .text.exit     0x0000000000000140       0x34 /opt/devkitpro/devkitA64/lib/gcc/aarch64-none-elf/15.2.0/../../../../aarch64-none-elf/lib/pic/libg.a(libc_a-exit.o)
                0x0000000000000140                exit
 *(.text.startup .text.startup.*)
 *fill*         0x0000000000000174        0xc 
 .text.startup.main
                0x0000000000000180      0x8a0 main.o
                0x0000000000000180                main
 *(.text.hot .text.hot.*)
 *(.text .stub .text.* .gnu.linkonce.t.*)
 .text.__do_global_dtors_aux
                0x0000000000000a20       0x50 /opt/devkitpro/devkitA64/lib/gcc/aarch64-none-elf/15.2.0/pic/crtbegin.o
 *fill*         0x0000000000000a70       0x10 
 .text.frame_dummy
                0x0000000000000a80       0x24 /opt/devkitpro/devkitA64/lib/gcc/aarch64-none-elf/15.2.0/pic/crtbegin.o
 *fill*         0x0000000000000aa4        0xc 
 .text._ZL6headerv
                0x0000000000000ab0       0x24 main.o
 *fill*         0x0000000000000ad4        0xc 
 .text._ZL12screen_errorP8PadStatePKc
                0x0000000000000ae0       0x78 main.o
 *fill*         0x0000000000000b58        0x8 
 .text._appletInfiniteSleepLoop
                0x0000000000000b60       0x18 /opt/devkitpro/libnx/lib/libnx.a(applet.o)
 *fill*         0x0000000000000b78        0x8 
 .text._appletCmdGetSession
                0x0000000000000b80      0x108 /opt/devkitpro/libnx/lib/libnx.a(applet.o)
 *fill*         0x0000000000000c88        0x8 
 .text._appletCmdInU8NoOut
                0x0000000000000c90       0xcc /opt/devkitpro/libnx/lib/libnx.a(applet.o)
 *fill*         0x0000000000000d5c        0x4 
 .text._appletCmdInU32NoOut
                0x0000000000000d60       0xcc /opt/devkitpro/libnx/lib/libnx.a(applet.o)
 *fill*         0x0000000000000e2c        0x4 
 .text._appletGetSessionProxy.constprop.0
                0x0000000000000e30      0x12c /opt/devkitpro/libnx/lib/libnx.a(applet.o)
 *fill*         0x0000000000000f5c        0x4 
 .text._appletOpenLibraryAppletProxy.constprop.0
                0x0000000000000f60      0x148 /opt/devkitpro/libnx/lib/libnx.a(applet.o)
 *fill*         0x00000000000010a8        0x8 
 .text._appletCmdGetEvent
                0x00000000000010b0       0xf8 /opt/devkitpro/libnx/lib/libnx.a(applet.o)
 *fill*         0x00000000000011a8        0x8 
 .text._appletCmdNoInOutU8.isra.0
                0x00000000000011b0       0xd4 /opt/devkitpro/libnx/lib/libnx.a(applet.o)
 *fill*         0x0000000000001284        0xc 
 .text._appletCmdNoInOutU32.isra.0
                0x0000000000001290       0xd4 /opt/devkitpro/libnx/lib/libnx.a(applet.o)
 *fill*         0x0000000000001364        0xc 
 .text._appletCmdNoInOutU64.isra.0
                0x0000000000001370       0xd4 /opt/devkitpro/libnx/lib/libnx.a(applet.o)
 *fill*         0x0000000000001444        0xc 
 .text._appletCmdNoIO.isra.0
                0x0000000000001450       0xc0 /opt/devkitpro/libnx/lib/libnx.a(applet.o)
 .text.appletGetAppletType
                0x0000000000001510       0x10 /opt/devkitpro/libnx/lib/libnx.a(applet.o)
                0x0000000000001510                appletGetAppletType
 .text.appletSetFocusHandlingMode
                0x0000000000001520      0x1b8 /opt/devkitpro/libnx/lib/libnx.a(applet.o)
                0x0000000000001520                appletSetFocusHandlingMode
 *fill*         0x00000000000016d8        0x8 
 .text.appletSetCpuBoostMode
                0x00000000000016e0       0x5c /opt/devkitpro/libnx/lib/libnx.a(applet.o)
                0x00000000000016e0                appletSetCpuBoostMode
 *fill*         0x000000000000173c        0x4 
 .text.appletCreateManagedDisplayLayer
                0x0000000000001740       0x2c /opt/devkitpro/libnx/lib/libnx.a(applet.o)
                0x0000000000001740                appletCreateManagedDisplayLayer
 *fill*         0x000000000000176c        0x4 
 .text.appletGetAppletResourceUserId
                0x0000000000001770        0xc /opt/devkitpro/libnx/lib/libnx.a(applet.o)
                0x0000000000001770                appletGetAppletResourceUserId
 *fill*         0x000000000000177c        0x4 
 .text._appletHolderCreateState
                0x0000000000001780      0x138 /opt/devkitpro/libnx/lib/libnx.a(applet.o)
 *fill*         0x00000000000018b8        0x8 
 .text.appletHolderClose
                0x00000000000018c0       0xb0 /opt/devkitpro/libnx/lib/libnx.a(applet.o)
                0x00000000000018c0                appletHolderClose
 .text.appletHolderGetLibraryAppletInfo
                0x0000000000001970       0x24 /opt/devkitpro/libnx/lib/libnx.a(applet.o)
                0x0000000000001970                appletHolderGetLibraryAppletInfo
 *fill*         0x0000000000001994        0xc 
 .text.appletNotifyRunning
                0x00000000000019a0       0x90 /opt/devkitpro/libnx/lib/libnx.a(applet.o)
                0x00000000000019a0                appletNotifyRunning
 .text.appletSetGamePlayRecordingState
                0x0000000000001a30       0x78 /opt/devkitpro/libnx/lib/libnx.a(applet.o)
                0x0000000000001a30                appletSetGamePlayRecordingState
 *fill*         0x0000000000001aa8        0x8 
 .text._appletCleanup
                0x0000000000001ab0      0xad4 /opt/devkitpro/libnx/lib/libnx.a(applet.o)
 *fill*         0x0000000000002584        0xc 
 .text.appletExit
                0x0000000000002590       0x48 /opt/devkitpro/libnx/lib/libnx.a(applet.o)
                0x0000000000002590                appletExit
 *fill*         0x00000000000025d8        0x8 
 .text.appletGetLibraryAppletInfo
                0x00000000000025e0       0x40 /opt/devkitpro/libnx/lib/libnx.a(applet.o)
                0x00000000000025e0                appletGetLibraryAppletInfo
 .text.appletInitialize
                0x0000000000002620      0xc14 /opt/devkitpro/libnx/lib/libnx.a(applet.o)
                0x0000000000002620                appletInitialize
 *fill*         0x0000000000003234        0xc 
 .text._appletExitProcess
                0x0000000000003240       0x24 /opt/devkitpro/libnx/lib/libnx.a(applet.o)
 *fill*         0x0000000000003264        0xc 
 .text.appletGetMessage
                0x0000000000003270       0x74 /opt/devkitpro/libnx/lib/libnx.a(applet.o)
                0x0000000000003270                appletGetMessage
 *fill*         0x00000000000032e4        0xc 
 .text.appletProcessMessage
                0x00000000000032f0      0x264 /opt/devkitpro/libnx/lib/libnx.a(applet.o)
                0x00000000000032f0                appletProcessMessage
 *fill*         0x0000000000003554        0xc 
 .text.appletMainLoop
                0x0000000000003560       0x34 /opt/devkitpro/libnx/lib/libnx.a(applet.o)
                0x0000000000003560                appletMainLoop
 *fill*         0x0000000000003594        0xc 
 .text._btdrvCmdNoIO
                0x00000000000035a0       0xbc /opt/devkitpro/libnx/lib/libnx.a(btdrv.o)
 *fill*         0x000000000000365c        0x4 
 .text._btdrvCleanup
                0x0000000000003660       0x80 /opt/devkitpro/libnx/lib/libnx.a(btdrv.o)
 .text.btdrvInitialize
                0x00000000000036e0       0xa4 /opt/devkitpro/libnx/lib/libnx.a(btdrv.o)
                0x00000000000036e0                btdrvInitialize
 *fill*         0x0000000000003784        0xc 
 .text.btdrvExit
                0x0000000000003790       0x48 /opt/devkitpro/libnx/lib/libnx.a(btdrv.o)
                0x0000000000003790                btdrvExit
 *fill*         0x00000000000037d8        0x8 
 .text._btmCmdOutBufPtrFixed
                0x00000000000037e0       0xcc /opt/devkitpro/libnx/lib/libnx.a(btm.o)
 *fill*         0x00000000000038ac        0x4 
 .text._btmCmdInIdOutBufPtr
                0x00000000000038b0       0xe8 /opt/devkitpro/libnx/lib/libnx.a(btm.o)
 *fill*         0x0000000000003998        0x8 
 .text._btmCleanup
                0x00000000000039a0       0x78 /opt/devkitpro/libnx/lib/libnx.a(btm.o)
 *fill*         0x0000000000003a18        0x8 
 .text.btmInitialize
                0x0000000000003a20       0x98 /opt/devkitpro/libnx/lib/libnx.a(btm.o)
                0x0000000000003a20                btmInitialize
 *fill*         0x0000000000003ab8        0x8 
 .text.btmExit  0x0000000000003ac0       0x48 /opt/devkitpro/libnx/lib/libnx.a(btm.o)
                0x0000000000003ac0                btmExit
 *fill*         0x0000000000003b08        0x8 
 .text.btmLegacyGetDeviceInfo
                0x0000000000003b10       0x48 /opt/devkitpro/libnx/lib/libnx.a(btm.o)
                0x0000000000003b10                btmLegacyGetDeviceInfo
 *fill*         0x0000000000003b58        0x8 
 .text.btmGetDeviceInfo
                0x0000000000003b60       0x64 /opt/devkitpro/libnx/lib/libnx.a(btm.o)
                0x0000000000003b60                btmGetDeviceInfo
 *fill*         0x0000000000003bc4        0xc 
 .text._fsCleanup
                0x0000000000003bd0       0xb4 /opt/devkitpro/libnx/lib/libnx.a(fs.o)
 *fill*         0x0000000000003c84        0xc 
 .text._fsCmdNoIO
                0x0000000000003c90      0x1c0 /opt/devkitpro/libnx/lib/libnx.a(fs.o)
 .text._fsFsCmdWithInPath
                0x0000000000003e50      0x1e0 /opt/devkitpro/libnx/lib/libnx.a(fs.o)
 .text._fsFsCmdWithTwoInPaths
                0x0000000000004030      0x1f8 /opt/devkitpro/libnx/lib/libnx.a(fs.o)
 *fill*         0x0000000000004228        0x8 
 .text._fsFsOpenCommon
                0x0000000000004230      0x28c /opt/devkitpro/libnx/lib/libnx.a(fs.o)
 *fill*         0x00000000000044bc        0x4 
 .text._fsFsCmdWithInPathAndOutU64
                0x00000000000044c0      0x1fc /opt/devkitpro/libnx/lib/libnx.a(fs.o)
 *fill*         0x00000000000046bc        0x4 
 .text._fsObjectClose
                0x00000000000046c0       0xf8 /opt/devkitpro/libnx/lib/libnx.a(fs.o)
 *fill*         0x00000000000047b8        0x8 
 .text._fsCmdGetSession.constprop.0
                0x00000000000047c0      0x17c /opt/devkitpro/libnx/lib/libnx.a(fs.o)
 *fill*         0x000000000000493c        0x4 
 .text.fsInitialize
                0x0000000000004940      0x2f8 /opt/devkitpro/libnx/lib/libnx.a(fs.o)
                0x0000000000004940                fsInitialize
 *fill*         0x0000000000004c38        0x8 
 .text.fsExit   0x0000000000004c40       0x48 /opt/devkitpro/libnx/lib/libnx.a(fs.o)
                0x0000000000004c40                fsExit
 *fill*         0x0000000000004c88        0x8 
 .text.fsOpenSdCardFileSystem
                0x0000000000004c90        0x8 /opt/devkitpro/libnx/lib/libnx.a(fs.o)
                0x0000000000004c90                fsOpenSdCardFileSystem
 *fill*         0x0000000000004c98        0x8 
 .text.fsFsCreateFile
                0x0000000000004ca0      0x1ec /opt/devkitpro/libnx/lib/libnx.a(fs.o)
                0x0000000000004ca0                fsFsCreateFile
 *fill*         0x0000000000004e8c        0x4 
 .text.fsFsDeleteFile
                0x0000000000004e90        0x8 /opt/devkitpro/libnx/lib/libnx.a(fs.o)
                0x0000000000004e90                fsFsDeleteFile
 *fill*         0x0000000000004e98        0x8 
 .text.fsFsCreateDirectory
                0x0000000000004ea0        0x8 /opt/devkitpro/libnx/lib/libnx.a(fs.o)
                0x0000000000004ea0                fsFsCreateDirectory
 *fill*         0x0000000000004ea8        0x8 
 .text.fsFsDeleteDirectory
                0x0000000000004eb0        0x8 /opt/devkitpro/libnx/lib/libnx.a(fs.o)
                0x0000000000004eb0                fsFsDeleteDirectory
 *fill*         0x0000000000004eb8        0x8 
 .text.fsFsRenameFile
                0x0000000000004ec0        0x8 /opt/devkitpro/libnx/lib/libnx.a(fs.o)
                0x0000000000004ec0                fsFsRenameFile
 *fill*         0x0000000000004ec8        0x8 
 .text.fsFsRenameDirectory
                0x0000000000004ed0        0x8 /opt/devkitpro/libnx/lib/libnx.a(fs.o)
                0x0000000000004ed0                fsFsRenameDirectory
 *fill*         0x0000000000004ed8        0x8 
 .text.fsFsGetEntryType
                0x0000000000004ee0      0x1f0 /opt/devkitpro/libnx/lib/libnx.a(fs.o)
                0x0000000000004ee0                fsFsGetEntryType
 .text.fsFsOpenFile
                0x00000000000050d0        0x8 /opt/devkitpro/libnx/lib/libnx.a(fs.o)
                0x00000000000050d0                fsFsOpenFile
 *fill*         0x00000000000050d8        0x8 
 .text.fsFsOpenDirectory
                0x00000000000050e0        0x8 /opt/devkitpro/libnx/lib/libnx.a(fs.o)
                0x00000000000050e0                fsFsOpenDirectory
 *fill*         0x00000000000050e8        0x8 
 .text.fsFsGetFreeSpace
                0x00000000000050f0        0x8 /opt/devkitpro/libnx/lib/libnx.a(fs.o)
                0x00000000000050f0                fsFsGetFreeSpace
 *fill*         0x00000000000050f8        0x8 
 .text.fsFsGetTotalSpace
                0x0000000000005100        0x8 /opt/devkitpro/libnx/lib/libnx.a(fs.o)
                0x0000000000005100                fsFsGetTotalSpace
 *fill*         0x0000000000005108        0x8 
 .text.fsFsGetFileTimeStampRaw
                0x0000000000005110      0x230 /opt/devkitpro/libnx/lib/libnx.a(fs.o)
                0x0000000000005110                fsFsGetFileTimeStampRaw
 .text.fsFsClose
                0x0000000000005340        0x4 /opt/devkitpro/libnx/lib/libnx.a(fs.o)
                0x0000000000005340                fsFsClose
 *fill*         0x0000000000005344        0xc 
 .text.fsFileRead
                0x0000000000005350      0x214 /opt/devkitpro/libnx/lib/libnx.a(fs.o)
                0x0000000000005350                fsFileRead
 *fill*         0x0000000000005564        0xc 
 .text.fsFileWrite
                0x0000000000005570      0x1f8 /opt/devkitpro/libnx/lib/libnx.a(fs.o)
                0x0000000000005570                fsFileWrite
 *fill*         0x0000000000005768        0x8 
 .text.fsFileFlush
                0x0000000000005770        0x8 /opt/devkitpro/libnx/lib/libnx.a(fs.o)
                0x0000000000005770                fsFileFlush
 *fill*         0x0000000000005778        0x8 
 .text.fsFileSetSize
                0x0000000000005780      0x1c0 /opt/devkitpro/libnx/lib/libnx.a(fs.o)
                0x0000000000005780                fsFileSetSize
 .text.fsFileGetSize
                0x0000000000005940      0x1d4 /opt/devkitpro/libnx/lib/libnx.a(fs.o)
                0x0000000000005940                fsFileGetSize
 *fill*         0x0000000000005b14        0xc 
 .text.fsFileClose
                0x0000000000005b20        0x4 /opt/devkitpro/libnx/lib/libnx.a(fs.o)
                0x0000000000005b20                fsFileClose
 *fill*         0x0000000000005b24        0xc 
 .text.fsDirClose
                0x0000000000005b30        0x4 /opt/devkitpro/libnx/lib/libnx.a(fs.o)
                0x0000000000005b30                fsDirClose
 *fill*         0x0000000000005b34        0xc 
 .text.fsDirRead
                0x0000000000005b40      0x204 /opt/devkitpro/libnx/lib/libnx.a(fs.o)
                0x0000000000005b40                fsDirRead
 *fill*         0x0000000000005d44        0xc 
 .text._smCmifCmdInPid
                0x0000000000005d50       0xcc /opt/devkitpro/libnx/lib/libnx.a(sm.o)
 *fill*         0x0000000000005e1c        0x4 
 .text._smCleanup
                0x0000000000005e20       0x78 /opt/devkitpro/libnx/lib/libnx.a(sm.o)
 *fill*         0x0000000000005e98        0x8 
 .text.smAddOverrideHandle
                0x0000000000005ea0       0x48 /opt/devkitpro/libnx/lib/libnx.a(sm.o)
                0x0000000000005ea0                smAddOverrideHandle
 *fill*         0x0000000000005ee8        0x8 
 .text.smGetServiceOverride
                0x0000000000005ef0       0x54 /opt/devkitpro/libnx/lib/libnx.a(sm.o)
                0x0000000000005ef0                smGetServiceOverride
 *fill*         0x0000000000005f44        0xc 
 .text.smInitialize
                0x0000000000005f50      0x1ac /opt/devkitpro/libnx/lib/libnx.a(sm.o)
                0x0000000000005f50                smInitialize
 *fill*         0x00000000000060fc        0x4 
 .text.smExit   0x0000000000006100       0x48 /opt/devkitpro/libnx/lib/libnx.a(sm.o)
                0x0000000000006100                smExit
 *fill*         0x0000000000006148        0x8 
 .text.smGetServiceOriginal
                0x0000000000006150       0xd0 /opt/devkitpro/libnx/lib/libnx.a(sm.o)
                0x0000000000006150                smGetServiceOriginal
 .text.smGetServiceWrapper
                0x0000000000006220      0x120 /opt/devkitpro/libnx/lib/libnx.a(sm.o)
                0x0000000000006220                smGetServiceWrapper
 .text.diagAbortWithResult
                0x0000000000006340       0x1c /opt/devkitpro/libnx/lib/libnx.a(diag.o)
                0x0000000000006340                diagAbortWithResult
 *fill*         0x000000000000635c        0x4 
 .text.envSetup
                0x0000000000006360      0x208 /opt/devkitpro/libnx/lib/libnx.a(env.o)
                0x0000000000006360                envSetup
 *fill*         0x0000000000006568        0x8 
 .text.envGetMainThreadHandle
                0x0000000000006570       0x20 /opt/devkitpro/libnx/lib/libnx.a(env.o)
                0x0000000000006570                envGetMainThreadHandle
 .text.envIsNso
                0x0000000000006590        0xc /opt/devkitpro/libnx/lib/libnx.a(env.o)
                0x0000000000006590                envIsNso
 *fill*         0x000000000000659c        0x4 
 .text.envHasHeapOverride
                0x00000000000065a0       0x14 /opt/devkitpro/libnx/lib/libnx.a(env.o)
                0x00000000000065a0                envHasHeapOverride
 *fill*         0x00000000000065b4        0xc 
 .text.envGetHeapOverrideAddr
                0x00000000000065c0        0xc /opt/devkitpro/libnx/lib/libnx.a(env.o)
                0x00000000000065c0                envGetHeapOverrideAddr
 *fill*         0x00000000000065cc        0x4 
 .text.envGetHeapOverrideSize
                0x00000000000065d0        0xc /opt/devkitpro/libnx/lib/libnx.a(env.o)
                0x00000000000065d0                envGetHeapOverrideSize
 *fill*         0x00000000000065dc        0x4 
 .text.envHasArgv
                0x00000000000065e0       0x14 /opt/devkitpro/libnx/lib/libnx.a(env.o)
                0x00000000000065e0                envHasArgv
 *fill*         0x00000000000065f4        0xc 
 .text.envGetArgv
                0x0000000000006600        0xc /opt/devkitpro/libnx/lib/libnx.a(env.o)
                0x0000000000006600                envGetArgv
 *fill*         0x000000000000660c        0x4 
 .text.envGetExitFuncPtr
                0x0000000000006610        0xc /opt/devkitpro/libnx/lib/libnx.a(env.o)
                0x0000000000006610                envGetExitFuncPtr
 *fill*         0x000000000000661c        0x4 
 .text.envSetExitFuncPtr
                0x0000000000006620        0xc /opt/devkitpro/libnx/lib/libnx.a(env.o)
                0x0000000000006620                envSetExitFuncPtr
 *fill*         0x000000000000662c        0x4 
 .text.envHasRandomSeed
                0x0000000000006630        0xc /opt/devkitpro/libnx/lib/libnx.a(env.o)
                0x0000000000006630                envHasRandomSeed
 *fill*         0x000000000000663c        0x4 
 .text.envGetRandomSeed
                0x0000000000006640       0x10 /opt/devkitpro/libnx/lib/libnx.a(env.o)
                0x0000000000006640                envGetRandomSeed
 .text.hosversionGet
                0x0000000000006650       0x14 /opt/devkitpro/libnx/lib/libnx.a(hosversion.o)
                0x0000000000006650                hosversionGet
 *fill*         0x0000000000006664        0xc 
 .text.hosversionSet
                0x0000000000006670       0x10 /opt/devkitpro/libnx/lib/libnx.a(hosversion.o)
                0x0000000000006670                hosversionSet
 .text.padConfigureInput
                0x0000000000006680       0x9c /opt/devkitpro/libnx/lib/libnx.a(pad.o)
                0x0000000000006680                padConfigureInput
 *fill*         0x000000000000671c        0x4 
 .text.padInitializeWithMask
                0x0000000000006720       0x24 /opt/devkitpro/libnx/lib/libnx.a(pad.o)
                0x0000000000006720                padInitializeWithMask
 *fill*         0x0000000000006744        0xc 
 .text.padUpdate
                0x0000000000006750      0x29c /opt/devkitpro/libnx/lib/libnx.a(pad.o)
                0x0000000000006750                padUpdate
 *fill*         0x00000000000069ec        0x4 
 .text.consoleDrawChar
                0x00000000000069f0       0x50 /opt/devkitpro/libnx/lib/libnx.a(console.o)
 .text.consoleNewRow
                0x0000000000006a40       0xb8 /opt/devkitpro/libnx/lib/libnx.a(console.o)
 *fill*         0x0000000000006af8        0x8 
 .text.consolePrintChar.part.0
                0x0000000000006b00      0x194 /opt/devkitpro/libnx/lib/libnx.a(console.o)
 *fill*         0x0000000000006c94        0xc 
 .text.con_write
                0x0000000000006ca0      0xdf8 /opt/devkitpro/libnx/lib/libnx.a(console.o)
 *fill*         0x0000000000007a98        0x8 
 .text.consoleInit
                0x0000000000007aa0      0x160 /opt/devkitpro/libnx/lib/libnx.a(console.o)
                0x0000000000007aa0                consoleInit
 .text.consoleExit
                0x0000000000007c00       0x44 /opt/devkitpro/libnx/lib/libnx.a(console.o)
                0x0000000000007c00                consoleExit
 *fill*         0x0000000000007c44        0xc 
 .text.consoleUpdate
                0x0000000000007c50       0x2c /opt/devkitpro/libnx/lib/libnx.a(console.o)
                0x0000000000007c50                consoleUpdate
 *fill*         0x0000000000007c7c        0x4 
 .text.consoleClear
                0x0000000000007c80       0x98 /opt/devkitpro/libnx/lib/libnx.a(console.o)
                0x0000000000007c80                consoleClear
 *fill*         0x0000000000007d18        0x8 
 .text.ConsoleSwRenderer_drawChar
                0x0000000000007d20      0x1bc /opt/devkitpro/libnx/lib/libnx.a(console_sw.o)
 *fill*         0x0000000000007edc        0x4 
 .text.ConsoleSwRenderer_init
                0x0000000000007ee0       0xe8 /opt/devkitpro/libnx/lib/libnx.a(console_sw.o)
 *fill*         0x0000000000007fc8        0x8 
 .text.ConsoleSwRenderer_flushAndSwap
                0x0000000000007fd0       0x78 /opt/devkitpro/libnx/lib/libnx.a(console_sw.o)
 *fill*         0x0000000000008048        0x8 
 .text.ConsoleSwRenderer_scrollWindow
                0x0000000000008050       0xdc /opt/devkitpro/libnx/lib/libnx.a(console_sw.o)
 *fill*         0x000000000000812c        0x4 
 .text.ConsoleSwRenderer_deinit
                0x0000000000008130       0x50 /opt/devkitpro/libnx/lib/libnx.a(console_sw.o)
 .text.getDefaultConsoleRenderer
                0x0000000000008180        0xc /opt/devkitpro/libnx/lib/libnx.a(console_sw.o)
                0x0000000000008180                getDefaultConsoleRenderer
 *fill*         0x000000000000818c        0x4 
 .text.fsdev_link
                0x0000000000008190       0x10 /opt/devkitpro/libnx/lib/libnx.a(fs_dev.o)
 .text.fsdev_dirreset
                0x00000000000081a0       0x10 /opt/devkitpro/libnx/lib/libnx.a(fs_dev.o)
 .text.fsdev_chmod
                0x00000000000081b0       0x10 /opt/devkitpro/libnx/lib/libnx.a(fs_dev.o)
 .text.error_cmp
                0x00000000000081c0       0x18 /opt/devkitpro/libnx/lib/libnx.a(fs_dev.o)
 *fill*         0x00000000000081d8        0x8 
 .text.fsdev_dirclose
                0x00000000000081e0       0x20 /opt/devkitpro/libnx/lib/libnx.a(fs_dev.o)
 .text.fsdev_close
                0x0000000000008200       0x1c /opt/devkitpro/libnx/lib/libnx.a(fs_dev.o)
 *fill*         0x000000000000821c        0x4 
 .text.fsdev_converttimetoutc
                0x0000000000008220       0x74 /opt/devkitpro/libnx/lib/libnx.a(fs_dev.o)
 *fill*         0x0000000000008294        0xc 
 .text.fsdevFindDevice.part.0
                0x00000000000082a0       0xf8 /opt/devkitpro/libnx/lib/libnx.a(fs_dev.o)
 *fill*         0x0000000000008398        0x8 
 .text.fsdev_fixpath
                0x00000000000083a0      0x1cc /opt/devkitpro/libnx/lib/libnx.a(fs_dev.o)
 *fill*         0x000000000000856c        0x4 
 .text._fsdevUnmountDeviceStruct.part.0
                0x0000000000008570       0x9c /opt/devkitpro/libnx/lib/libnx.a(fs_dev.o)
 *fill*         0x000000000000860c        0x4 
 .text.fsdev_fchmod
                0x0000000000008610       0x10 /opt/devkitpro/libnx/lib/libnx.a(fs_dev.o)
 .text.fsdev_diropen
                0x0000000000008620      0x100 /opt/devkitpro/libnx/lib/libnx.a(fs_dev.o)
 .text.fsdev_statvfs
                0x0000000000008720       0xf8 /opt/devkitpro/libnx/lib/libnx.a(fs_dev.o)
 *fill*         0x0000000000008818        0x8 
 .text.fsdev_fsync
                0x0000000000008820       0x7c /opt/devkitpro/libnx/lib/libnx.a(fs_dev.o)
 *fill*         0x000000000000889c        0x4 
 .text.fsdev_fstat
                0x00000000000088a0       0xec /opt/devkitpro/libnx/lib/libnx.a(fs_dev.o)
 *fill*         0x000000000000898c        0x4 
 .text.fsdev_ftruncate
                0x0000000000008990       0x94 /opt/devkitpro/libnx/lib/libnx.a(fs_dev.o)
 *fill*         0x0000000000008a24        0xc 
 .text.fsdev_stat
                0x0000000000008a30      0x1d8 /opt/devkitpro/libnx/lib/libnx.a(fs_dev.o)
 *fill*         0x0000000000008c08        0x8 
 .text.fsdev_rename
                0x0000000000008c10      0x14c /opt/devkitpro/libnx/lib/libnx.a(fs_dev.o)
 *fill*         0x0000000000008d5c        0x4 
 .text.fsdev_chdir
                0x0000000000008d60      0x13c /opt/devkitpro/libnx/lib/libnx.a(fs_dev.o)
 *fill*         0x0000000000008e9c        0x4 
 .text.fsdev_rmdir
                0x0000000000008ea0       0xa4 /opt/devkitpro/libnx/lib/libnx.a(fs_dev.o)
 *fill*         0x0000000000008f44        0xc 
 .text.fsdev_mkdir
                0x0000000000008f50       0xa4 /opt/devkitpro/libnx/lib/libnx.a(fs_dev.o)
 *fill*         0x0000000000008ff4        0xc 
 .text.fsdev_unlink
                0x0000000000009000       0xa4 /opt/devkitpro/libnx/lib/libnx.a(fs_dev.o)
 *fill*         0x00000000000090a4        0xc 
 .text.fsdev_write_safe
                0x00000000000090b0      0x13c /opt/devkitpro/libnx/lib/libnx.a(fs_dev.o)
 *fill*         0x00000000000091ec        0x4 
 .text.fsdev_read_safe
                0x00000000000091f0      0x134 /opt/devkitpro/libnx/lib/libnx.a(fs_dev.o)
 *fill*         0x0000000000009324        0xc 
 .text.fsdev_read
                0x0000000000009330      0x100 /opt/devkitpro/libnx/lib/libnx.a(fs_dev.o)
 .text.fsdev_dirnext
                0x0000000000009430      0x1d4 /opt/devkitpro/libnx/lib/libnx.a(fs_dev.o)
 *fill*         0x0000000000009604        0xc 
 .text.fsdev_write
                0x0000000000009610      0x124 /opt/devkitpro/libnx/lib/libnx.a(fs_dev.o)
 *fill*         0x0000000000009734        0xc 
 .text.fsdev_seek
                0x0000000000009740      0x110 /opt/devkitpro/libnx/lib/libnx.a(fs_dev.o)
 .text.fsdev_open
                0x0000000000009850      0x230 /opt/devkitpro/libnx/lib/libnx.a(fs_dev.o)
 .text.fsdevMountDevice
                0x0000000000009a80      0x324 /opt/devkitpro/libnx/lib/libnx.a(fs_dev.o)
                0x0000000000009a80                fsdevMountDevice
 *fill*         0x0000000000009da4        0xc 
 .text.fsdevMountSdmc
                0x0000000000009db0       0x40 /opt/devkitpro/libnx/lib/libnx.a(fs_dev.o)
                0x0000000000009db0                fsdevMountSdmc
 .text.__libnx_init_cwd
                0x0000000000009df0       0xbc /opt/devkitpro/libnx/lib/libnx.a(fs_dev.o)
                0x0000000000009df0                __libnx_init_cwd
 *fill*         0x0000000000009eac        0x4 
 .text.fsdevUnmountAll
                0x0000000000009eb0       0x64 /opt/devkitpro/libnx/lib/libnx.a(fs_dev.o)
                0x0000000000009eb0                fsdevUnmountAll
 *fill*         0x0000000000009f14        0xc 
 .text.decode_utf8
                0x0000000000009f20      0x128 /opt/devkitpro/libnx/lib/libnx.a(decode_utf8.o)
                0x0000000000009f20                decode_utf8
 .text.svcSetHeapSize
                0x000000000000a048       0x14 /opt/devkitpro/libnx/lib/libnx.a(svc.o)
                0x000000000000a048                svcSetHeapSize
 .text.svcSetMemoryPermission
                0x000000000000a05c        0x8 /opt/devkitpro/libnx/lib/libnx.a(svc.o)
                0x000000000000a05c                svcSetMemoryPermission
 .text.svcSetMemoryAttribute
                0x000000000000a064        0x8 /opt/devkitpro/libnx/lib/libnx.a(svc.o)
                0x000000000000a064                svcSetMemoryAttribute
 .text.svcUnmapMemory
                0x000000000000a06c        0x8 /opt/devkitpro/libnx/lib/libnx.a(svc.o)
                0x000000000000a06c                svcUnmapMemory
 .text.svcQueryMemory
                0x000000000000a074       0x14 /opt/devkitpro/libnx/lib/libnx.a(svc.o)
                0x000000000000a074                svcQueryMemory
 .text.svcExitProcess
                0x000000000000a088        0x8 /opt/devkitpro/libnx/lib/libnx.a(svc.o)
                0x000000000000a088                svcExitProcess
 .text.svcSleepThread
                0x000000000000a090        0x8 /opt/devkitpro/libnx/lib/libnx.a(svc.o)
                0x000000000000a090                svcSleepThread
 .text.svcMapSharedMemory
                0x000000000000a098        0x8 /opt/devkitpro/libnx/lib/libnx.a(svc.o)
                0x000000000000a098                svcMapSharedMemory
 .text.svcUnmapSharedMemory
                0x000000000000a0a0        0x8 /opt/devkitpro/libnx/lib/libnx.a(svc.o)
                0x000000000000a0a0                svcUnmapSharedMemory
 .text.svcCreateTransferMemory
                0x000000000000a0a8       0x14 /opt/devkitpro/libnx/lib/libnx.a(svc.o)
                0x000000000000a0a8                svcCreateTransferMemory
 .text.svcCloseHandle
                0x000000000000a0bc        0x8 /opt/devkitpro/libnx/lib/libnx.a(svc.o)
                0x000000000000a0bc                svcCloseHandle
 .text.svcResetSignal
                0x000000000000a0c4        0x8 /opt/devkitpro/libnx/lib/libnx.a(svc.o)
                0x000000000000a0c4                svcResetSignal
 .text.svcWaitSynchronization
                0x000000000000a0cc       0x14 /opt/devkitpro/libnx/lib/libnx.a(svc.o)
                0x000000000000a0cc                svcWaitSynchronization
 .text.svcArbitrateLock
                0x000000000000a0e0        0x8 /opt/devkitpro/libnx/lib/libnx.a(svc.o)
                0x000000000000a0e0                svcArbitrateLock
 .text.svcArbitrateUnlock
                0x000000000000a0e8        0x8 /opt/devkitpro/libnx/lib/libnx.a(svc.o)
                0x000000000000a0e8                svcArbitrateUnlock
 .text.svcWaitProcessWideKeyAtomic
                0x000000000000a0f0        0x8 /opt/devkitpro/libnx/lib/libnx.a(svc.o)
                0x000000000000a0f0                svcWaitProcessWideKeyAtomic
 .text.svcSignalProcessWideKey
                0x000000000000a0f8        0x8 /opt/devkitpro/libnx/lib/libnx.a(svc.o)
                0x000000000000a0f8                svcSignalProcessWideKey
 .text.svcConnectToNamedPort
                0x000000000000a100       0x14 /opt/devkitpro/libnx/lib/libnx.a(svc.o)
                0x000000000000a100                svcConnectToNamedPort
 .text.svcSendSyncRequest
                0x000000000000a114        0x8 /opt/devkitpro/libnx/lib/libnx.a(svc.o)
                0x000000000000a114                svcSendSyncRequest
 .text.svcBreak
                0x000000000000a11c        0x8 /opt/devkitpro/libnx/lib/libnx.a(svc.o)
                0x000000000000a11c                svcBreak
 .text.svcReturnFromException
                0x000000000000a124        0x8 /opt/devkitpro/libnx/lib/libnx.a(svc.o)
                0x000000000000a124                svcReturnFromException
 .text.svcGetInfo
                0x000000000000a12c       0x14 /opt/devkitpro/libnx/lib/libnx.a(svc.o)
                0x000000000000a12c                svcGetInfo
 .text.svcUnmapTransferMemory
                0x000000000000a140        0x8 /opt/devkitpro/libnx/lib/libnx.a(svc.o)
                0x000000000000a140                svcUnmapTransferMemory
 .text.__aarch64_read_tp
                0x000000000000a148        0xc /opt/devkitpro/libnx/lib/libnx.a(readtp.o)
                0x000000000000a148                __aarch64_read_tp
 *fill*         0x000000000000a154        0xc 
 .text.eventLoadRemote
                0x000000000000a160        0xc /opt/devkitpro/libnx/lib/libnx.a(event.o)
                0x000000000000a160                eventLoadRemote
 *fill*         0x000000000000a16c        0x4 
 .text.eventWait
                0x000000000000a170       0x34 /opt/devkitpro/libnx/lib/libnx.a(event.o)
                0x000000000000a170                eventWait
 *fill*         0x000000000000a1a4        0xc 
 .text.eventClose
                0x000000000000a1b0       0x54 /opt/devkitpro/libnx/lib/libnx.a(event.o)
                0x000000000000a1b0                eventClose
 *fill*         0x000000000000a204        0xc 
 .text.mutexLock
                0x000000000000a210       0xc8 /opt/devkitpro/libnx/lib/libnx.a(mutex.o)
                0x000000000000a210                mutexLock
 *fill*         0x000000000000a2d8        0x8 
 .text.mutexUnlock
                0x000000000000a2e0       0x68 /opt/devkitpro/libnx/lib/libnx.a(mutex.o)
                0x000000000000a2e0                mutexUnlock
 *fill*         0x000000000000a348        0x8 
 .text.mutexIsLockedByCurrentThread
                0x000000000000a350       0x1c /opt/devkitpro/libnx/lib/libnx.a(mutex.o)
                0x000000000000a350                mutexIsLockedByCurrentThread
 *fill*         0x000000000000a36c        0x4 
 .text.rmutexLock
                0x000000000000a370       0x50 /opt/devkitpro/libnx/lib/libnx.a(mutex.o)
                0x000000000000a370                rmutexLock
 .text.rmutexUnlock
                0x000000000000a3c0       0x18 /opt/devkitpro/libnx/lib/libnx.a(mutex.o)
                0x000000000000a3c0                rmutexUnlock
 *fill*         0x000000000000a3d8        0x8 
 .text.shmemLoadRemote
                0x000000000000a3e0       0x14 /opt/devkitpro/libnx/lib/libnx.a(shmem.o)
                0x000000000000a3e0                shmemLoadRemote
 *fill*         0x000000000000a3f4        0xc 
 .text.shmemMap
                0x000000000000a400       0x70 /opt/devkitpro/libnx/lib/libnx.a(shmem.o)
                0x000000000000a400                shmemMap
 .text.shmemUnmap
                0x000000000000a470       0x34 /opt/devkitpro/libnx/lib/libnx.a(shmem.o)
                0x000000000000a470                shmemUnmap
 *fill*         0x000000000000a4a4        0xc 
 .text.shmemClose
                0x000000000000a4b0       0x4c /opt/devkitpro/libnx/lib/libnx.a(shmem.o)
                0x000000000000a4b0                shmemClose
 *fill*         0x000000000000a4fc        0x4 
 .text.tmemCreate
                0x000000000000a500       0xa8 /opt/devkitpro/libnx/lib/libnx.a(tmem.o)
                0x000000000000a500                tmemCreate
 *fill*         0x000000000000a5a8        0x8 
 .text.tmemUnmap
                0x000000000000a5b0       0x34 /opt/devkitpro/libnx/lib/libnx.a(tmem.o)
                0x000000000000a5b0                tmemUnmap
 *fill*         0x000000000000a5e4        0xc 
 .text.tmemCloseHandle
                0x000000000000a5f0       0x30 /opt/devkitpro/libnx/lib/libnx.a(tmem.o)
                0x000000000000a5f0                tmemCloseHandle
 .text.tmemWaitForPermission
                0x000000000000a620       0x9c /opt/devkitpro/libnx/lib/libnx.a(tmem.o)
                0x000000000000a620                tmemWaitForPermission
 *fill*         0x000000000000a6bc        0x4 
 .text.tmemClose
                0x000000000000a6c0       0x50 /opt/devkitpro/libnx/lib/libnx.a(tmem.o)
                0x000000000000a6c0                tmemClose
 .text._memregionInitWithInfo
                0x000000000000a710       0x64 /opt/devkitpro/libnx/lib/libnx.a(virtmem.o)
 *fill*         0x000000000000a774        0xc 
 .text.__libnx_virtmem_rng
                0x000000000000a780        0x4 /opt/devkitpro/libnx/lib/libnx.a(virtmem.o)
                0x000000000000a780                __libnx_virtmem_rng
 *fill*         0x000000000000a784        0xc 
 .text._memregionFindRandom
                0x000000000000a790      0x164 /opt/devkitpro/libnx/lib/libnx.a(virtmem.o)
 *fill*         0x000000000000a8f4        0xc 
 .text.virtmemSetup
                0x000000000000a900      0x140 /opt/devkitpro/libnx/lib/libnx.a(virtmem.o)
                0x000000000000a900                virtmemSetup
 .text.virtmemLock
                0x000000000000aa40        0xc /opt/devkitpro/libnx/lib/libnx.a(virtmem.o)
                0x000000000000aa40                virtmemLock
 *fill*         0x000000000000aa4c        0x4 
 .text.virtmemUnlock
                0x000000000000aa50        0xc /opt/devkitpro/libnx/lib/libnx.a(virtmem.o)
                0x000000000000aa50                virtmemUnlock
 *fill*         0x000000000000aa5c        0x4 
 .text.virtmemFindAslr
                0x000000000000aa60       0x50 /opt/devkitpro/libnx/lib/libnx.a(virtmem.o)
                0x000000000000aa60                virtmemFindAslr
 .text.waitObjects
                0x000000000000aab0      0x57c /opt/devkitpro/libnx/lib/libnx.a(wait.o)
                0x000000000000aab0                waitObjects
 *fill*         0x000000000000b02c        0x4 
 .text.sessionmgrCreate
                0x000000000000b030      0x184 /opt/devkitpro/libnx/lib/libnx.a(sessionmgr.o)
                0x000000000000b030                sessionmgrCreate
 *fill*         0x000000000000b1b4        0xc 
 .text.sessionmgrClose
                0x000000000000b1c0       0x84 /opt/devkitpro/libnx/lib/libnx.a(sessionmgr.o)
                0x000000000000b1c0                sessionmgrClose
 *fill*         0x000000000000b244        0xc 
 .text.sessionmgrAttachClient
                0x000000000000b250       0xa8 /opt/devkitpro/libnx/lib/libnx.a(sessionmgr.o)
                0x000000000000b250                sessionmgrAttachClient
 *fill*         0x000000000000b2f8        0x8 
 .text.sessionmgrDetachClient
                0x000000000000b300       0x60 /opt/devkitpro/libnx/lib/libnx.a(sessionmgr.o)
                0x000000000000b300                sessionmgrDetachClient
 .text._apmCleanup
                0x000000000000b360       0xd4 /opt/devkitpro/libnx/lib/libnx.a(apm.o)
 *fill*         0x000000000000b434        0xc 
 .text.apmInitialize
                0x000000000000b440      0x194 /opt/devkitpro/libnx/lib/libnx.a(apm.o)
                0x000000000000b440                apmInitialize
 *fill*         0x000000000000b5d4        0xc 
 .text.apmExit  0x000000000000b5e0       0x48 /opt/devkitpro/libnx/lib/libnx.a(apm.o)
                0x000000000000b5e0                apmExit
 *fill*         0x000000000000b628        0x8 
 .text.apmSetPerformanceConfiguration
                0x000000000000b630       0xc8 /opt/devkitpro/libnx/lib/libnx.a(apm.o)
                0x000000000000b630                apmSetPerformanceConfiguration
 *fill*         0x000000000000b6f8        0x8 
 .text._hidCleanup
                0x000000000000b700      0x12c /opt/devkitpro/libnx/lib/libnx.a(hid.o)
 *fill*         0x000000000000b82c        0x4 
 .text._hidCmdInAruidNoOut
                0x000000000000b830       0xd4 /opt/devkitpro/libnx/lib/libnx.a(hid.o)
 *fill*         0x000000000000b904        0xc 
 .text._hidCmdInU32AruidNoOut
                0x000000000000b910       0xe0 /opt/devkitpro/libnx/lib/libnx.a(hid.o)
 .text._hidGetStates
                0x000000000000b9f0      0x194 /opt/devkitpro/libnx/lib/libnx.a(hid.o)
 *fill*         0x000000000000bb84        0xc 
 .text.hidInitialize
                0x000000000000bb90      0x26c /opt/devkitpro/libnx/lib/libnx.a(hid.o)
                0x000000000000bb90                hidInitialize
 *fill*         0x000000000000bdfc        0x4 
 .text.hidExit  0x000000000000be00       0x48 /opt/devkitpro/libnx/lib/libnx.a(hid.o)
                0x000000000000be00                hidExit
 *fill*         0x000000000000be48        0x8 
 .text.hidGetSharedmemAddr
                0x000000000000be50        0xc /opt/devkitpro/libnx/lib/libnx.a(hid.o)
                0x000000000000be50                hidGetSharedmemAddr
 *fill*         0x000000000000be5c        0x4 
 .text.hidGetNpadStyleSet
                0x000000000000be60       0x90 /opt/devkitpro/libnx/lib/libnx.a(hid.o)
                0x000000000000be60                hidGetNpadStyleSet
 .text.hidInitializeNpad
                0x000000000000bef0       0x84 /opt/devkitpro/libnx/lib/libnx.a(hid.o)
                0x000000000000bef0                hidInitializeNpad
 *fill*         0x000000000000bf74        0xc 
 .text.hidGetNpadStatesFullKey
                0x000000000000bf80       0xa4 /opt/devkitpro/libnx/lib/libnx.a(hid.o)
                0x000000000000bf80                hidGetNpadStatesFullKey
 *fill*         0x000000000000c024        0xc 
 .text.hidGetNpadStatesHandheld
                0x000000000000c030       0xa4 /opt/devkitpro/libnx/lib/libnx.a(hid.o)
                0x000000000000c030                hidGetNpadStatesHandheld
 *fill*         0x000000000000c0d4        0xc 
 .text.hidGetNpadStatesJoyDual
                0x000000000000c0e0       0xa4 /opt/devkitpro/libnx/lib/libnx.a(hid.o)
                0x000000000000c0e0                hidGetNpadStatesJoyDual
 *fill*         0x000000000000c184        0xc 
 .text.hidGetNpadStatesJoyLeft
                0x000000000000c190       0xa4 /opt/devkitpro/libnx/lib/libnx.a(hid.o)
                0x000000000000c190                hidGetNpadStatesJoyLeft
 *fill*         0x000000000000c234        0xc 
 .text.hidGetNpadStatesJoyRight
                0x000000000000c240       0xa4 /opt/devkitpro/libnx/lib/libnx.a(hid.o)
                0x000000000000c240                hidGetNpadStatesJoyRight
 *fill*         0x000000000000c2e4        0xc 
 .text.hidGetNpadStatesGc
                0x000000000000c2f0      0x144 /opt/devkitpro/libnx/lib/libnx.a(hid.o)
                0x000000000000c2f0                hidGetNpadStatesGc
 *fill*         0x000000000000c434        0xc 
 .text.hidGetNpadStatesSystemExt
                0x000000000000c440       0xa8 /opt/devkitpro/libnx/lib/libnx.a(hid.o)
                0x000000000000c440                hidGetNpadStatesSystemExt
 *fill*         0x000000000000c4e8        0x8 
 .text.hidSetSupportedNpadStyleSet
                0x000000000000c4f0        0x8 /opt/devkitpro/libnx/lib/libnx.a(hid.o)
                0x000000000000c4f0                hidSetSupportedNpadStyleSet
 *fill*         0x000000000000c4f8        0x8 
 .text.hidSetSupportedNpadIdType
                0x000000000000c500      0x100 /opt/devkitpro/libnx/lib/libnx.a(hid.o)
                0x000000000000c500                hidSetSupportedNpadIdType
 .text._timeCleanup
                0x000000000000c600      0x27c /opt/devkitpro/libnx/lib/libnx.a(time.o)
 *fill*         0x000000000000c87c        0x4 
 .text._timeCmdGetSession.constprop.0
                0x000000000000c880      0x100 /opt/devkitpro/libnx/lib/libnx.a(time.o)
 .text._timeReadClockFromSharedMem
                0x000000000000c980      0x104 /opt/devkitpro/libnx/lib/libnx.a(time.o)
 *fill*         0x000000000000ca84        0xc 
 .text.timeInitialize
                0x000000000000ca90      0x300 /opt/devkitpro/libnx/lib/libnx.a(time.o)
                0x000000000000ca90                timeInitialize
 .text.timeExit
                0x000000000000cd90       0x48 /opt/devkitpro/libnx/lib/libnx.a(time.o)
                0x000000000000cd90                timeExit
 *fill*         0x000000000000cdd8        0x8 
 .text.timeGetServiceSession_SystemClock
                0x000000000000cde0       0x38 /opt/devkitpro/libnx/lib/libnx.a(time.o)
                0x000000000000cde0                timeGetServiceSession_SystemClock
 *fill*         0x000000000000ce18        0x8 
 .text.timeGetCurrentTime
                0x000000000000ce20       0xfc /opt/devkitpro/libnx/lib/libnx.a(time.o)
                0x000000000000ce20                timeGetCurrentTime
 *fill*         0x000000000000cf1c        0x4 
 .text.timeToCalendarTimeWithMyRule
                0x000000000000cf20      0x108 /opt/devkitpro/libnx/lib/libnx.a(time.o)
                0x000000000000cf20                timeToCalendarTimeWithMyRule
 *fill*         0x000000000000d028        0x8 
 .text.timeToPosixTimeWithMyRule
                0x000000000000d030      0x114 /opt/devkitpro/libnx/lib/libnx.a(time.o)
                0x000000000000d030                timeToPosixTimeWithMyRule
 *fill*         0x000000000000d144        0xc 
 .text.nwindowGetDefault
                0x000000000000d150        0xc /opt/devkitpro/libnx/lib/libnx.a(default_window.o)
                0x000000000000d150                nwindowGetDefault
 *fill*         0x000000000000d15c        0x4 
 .text.__nx_win_init
                0x000000000000d160       0xa4 /opt/devkitpro/libnx/lib/libnx.a(default_window.o)
                0x000000000000d160                __nx_win_init
 *fill*         0x000000000000d204        0xc 
 .text.__nx_win_exit
                0x000000000000d210       0x34 /opt/devkitpro/libnx/lib/libnx.a(default_window.o)
                0x000000000000d210                __nx_win_exit
 *fill*         0x000000000000d244        0xc 
 .text.framebufferMakeLinear
                0x000000000000d250       0x8c /opt/devkitpro/libnx/lib/libnx.a(framebuffer.o)
                0x000000000000d250                framebufferMakeLinear
 *fill*         0x000000000000d2dc        0x4 
 .text.framebufferClose
                0x000000000000d2e0       0x84 /opt/devkitpro/libnx/lib/libnx.a(framebuffer.o)
                0x000000000000d2e0                framebufferClose
 *fill*         0x000000000000d364        0xc 
 .text.framebufferCreate
                0x000000000000d370      0x290 /opt/devkitpro/libnx/lib/libnx.a(framebuffer.o)
                0x000000000000d370                framebufferCreate
 .text.framebufferBegin
                0x000000000000d600       0x7c /opt/devkitpro/libnx/lib/libnx.a(framebuffer.o)
                0x000000000000d600                framebufferBegin
 *fill*         0x000000000000d67c        0x4 
 .text.framebufferEnd
                0x000000000000d680      0x198 /opt/devkitpro/libnx/lib/libnx.a(framebuffer.o)
                0x000000000000d680                framebufferEnd
 *fill*         0x000000000000d818        0x8 
 .text.nwindowIsValid
                0x000000000000d820       0x24 /opt/devkitpro/libnx/lib/libnx.a(native_window.o)
                0x000000000000d820                nwindowIsValid
 *fill*         0x000000000000d844        0xc 
 .text.nwindowClose
                0x000000000000d850       0x7c /opt/devkitpro/libnx/lib/libnx.a(native_window.o)
                0x000000000000d850                nwindowClose
 *fill*         0x000000000000d8cc        0x4 
 .text.nwindowCreate
                0x000000000000d8d0       0xf8 /opt/devkitpro/libnx/lib/libnx.a(native_window.o)
                0x000000000000d8d0                nwindowCreate
 *fill*         0x000000000000d9c8        0x8 
 .text.nwindowCreateFromLayer
                0x000000000000d9d0       0x38 /opt/devkitpro/libnx/lib/libnx.a(native_window.o)
                0x000000000000d9d0                nwindowCreateFromLayer
 *fill*         0x000000000000da08        0x8 
 .text.nwindowSetDimensions
                0x000000000000da10       0x84 /opt/devkitpro/libnx/lib/libnx.a(native_window.o)
                0x000000000000da10                nwindowSetDimensions
 *fill*         0x000000000000da94        0xc 
 .text.nwindowConfigureBuffer
                0x000000000000daa0      0x180 /opt/devkitpro/libnx/lib/libnx.a(native_window.o)
                0x000000000000daa0                nwindowConfigureBuffer
 .text.nwindowDequeueBuffer
                0x000000000000dc20      0x1cc /opt/devkitpro/libnx/lib/libnx.a(native_window.o)
                0x000000000000dc20                nwindowDequeueBuffer
 *fill*         0x000000000000ddec        0x4 
 .text.nwindowQueueBuffer
                0x000000000000ddf0      0x12c /opt/devkitpro/libnx/lib/libnx.a(native_window.o)
                0x000000000000ddf0                nwindowQueueBuffer
 *fill*         0x000000000000df1c        0x4 
 .text.nwindowReleaseBuffers
                0x000000000000df20       0xbc /opt/devkitpro/libnx/lib/libnx.a(native_window.o)
                0x000000000000df20                nwindowReleaseBuffers
 *fill*         0x000000000000dfdc        0x4 
 .text.__libnx_alloc
                0x000000000000dfe0        0x4 /opt/devkitpro/libnx/lib/libnx.a(alloc.o)
                0x000000000000dfe0                __libnx_alloc
 *fill*         0x000000000000dfe4        0xc 
 .text.__libnx_aligned_alloc
                0x000000000000dff0       0x14 /opt/devkitpro/libnx/lib/libnx.a(alloc.o)
                0x000000000000dff0                __libnx_aligned_alloc
 *fill*         0x000000000000e004        0xc 
 .text.__libnx_free
                0x000000000000e010        0x4 /opt/devkitpro/libnx/lib/libnx.a(alloc.o)
                0x000000000000e010                __libnx_free
 *fill*         0x000000000000e014        0xc 
 .text.argvSetup
                0x000000000000e020      0x314 /opt/devkitpro/libnx/lib/libnx.a(argv.o)
                0x000000000000e020                argvSetup
 *fill*         0x000000000000e334        0xc 
 .text.__nx_dynamic
                0x000000000000e340      0x1fc /opt/devkitpro/libnx/lib/libnx.a(dynamic.o)
                0x000000000000e340                __nx_dynamic
 *fill*         0x000000000000e53c        0x4 
 .text.__libnx_initheap
                0x000000000000e540       0xd0 /opt/devkitpro/libnx/lib/libnx.a(init.o)
                0x000000000000e540                __libnx_initheap
 .text.__appInit
                0x000000000000e610       0xec /opt/devkitpro/libnx/lib/libnx.a(init.o)
                0x000000000000e610                __appInit
 *fill*         0x000000000000e6fc        0x4 
 .text.__appExit
                0x000000000000e700       0x44 /opt/devkitpro/libnx/lib/libnx.a(init.o)
                0x000000000000e700                __appExit
 *fill*         0x000000000000e744        0xc 
 .text.__libnx_init
                0x000000000000e750       0x2c /opt/devkitpro/libnx/lib/libnx.a(init.o)
                0x000000000000e750                __libnx_init
 *fill*         0x000000000000e77c        0x4 
 .text.__libnx_exit
                0x000000000000e780       0x1c /opt/devkitpro/libnx/lib/libnx.a(init.o)
                0x000000000000e780                __libnx_exit
 *fill*         0x000000000000e79c        0x4 
 .text.__syscall_exit
                0x000000000000e7a0       0x1c /opt/devkitpro/libnx/lib/libnx.a(newlib.o)
                0x000000000000e7a0                __syscall_exit
 *fill*         0x000000000000e7bc        0x4 
 .text.__syscall_getreent
                0x000000000000e7c0       0x34 /opt/devkitpro/libnx/lib/libnx.a(newlib.o)
                0x000000000000e7c0                __syscall_getreent
 *fill*         0x000000000000e7f4        0xc 
 .text.__syscall_lock_acquire
                0x000000000000e800        0x4 /opt/devkitpro/libnx/lib/libnx.a(newlib.o)
                0x000000000000e800                __syscall_lock_acquire
 *fill*         0x000000000000e804        0xc 
 .text.__syscall_lock_release
                0x000000000000e810        0x4 /opt/devkitpro/libnx/lib/libnx.a(newlib.o)
                0x000000000000e810                __syscall_lock_release
 *fill*         0x000000000000e814        0xc 
 .text.__syscall_lock_acquire_recursive
                0x000000000000e820        0x4 /opt/devkitpro/libnx/lib/libnx.a(newlib.o)
                0x000000000000e820                __syscall_lock_acquire_recursive
 *fill*         0x000000000000e824        0xc 
 .text.__syscall_lock_release_recursive
                0x000000000000e830        0x4 /opt/devkitpro/libnx/lib/libnx.a(newlib.o)
                0x000000000000e830                __syscall_lock_release_recursive
 *fill*         0x000000000000e834        0xc 
 .text.__libnx_init_time
                0x000000000000e840      0x25c /opt/devkitpro/libnx/lib/libnx.a(newlib.o)
                0x000000000000e840                __libnx_init_time
 *fill*         0x000000000000ea9c        0x4 
 .text.newlibSetup
                0x000000000000eaa0       0x98 /opt/devkitpro/libnx/lib/libnx.a(newlib.o)
                0x000000000000eaa0                newlibSetup
 *fill*         0x000000000000eb38        0x8 
 .text.nxlinkSetup
                0x000000000000eb40       0xe8 /opt/devkitpro/libnx/lib/libnx.a(nxlink.o)
                0x000000000000eb40                nxlinkSetup
 .text.armDCacheFlush
                0x000000000000ec28       0x4c /opt/devkitpro/libnx/lib/libnx.a(cache.o)
                0x000000000000ec28                armDCacheFlush
 .text.__libnx_exception_entry
                0x000000000000ec74      0x1c0 /opt/devkitpro/libnx/lib/libnx.a(exception.o)
                0x000000000000ec74                __libnx_exception_entry
 .text.__libnx_exception_returnentry
                0x000000000000ee34       0x18 /opt/devkitpro/libnx/lib/libnx.a(exception.o)
                0x000000000000ee34                __libnx_exception_returnentry
 *fill*         0x000000000000ee4c        0x4 
 .text.condvarWaitTimeout
                0x000000000000ee50       0x70 /opt/devkitpro/libnx/lib/libnx.a(condvar.o)
                0x000000000000ee50                condvarWaitTimeout
 .text.randomGet
                0x000000000000eec0      0x410 /opt/devkitpro/libnx/lib/libnx.a(random.o)
                0x000000000000eec0                randomGet
 .text.randomGet64
                0x000000000000f2d0       0x20 /opt/devkitpro/libnx/lib/libnx.a(random.o)
                0x000000000000f2d0                randomGet64
 .text.__libnx_init_thread
                0x000000000000f2f0       0xb0 /opt/devkitpro/libnx/lib/libnx.a(thread.o)
                0x000000000000f2f0                __libnx_init_thread
 .text._nvCleanup
                0x000000000000f3a0       0xd0 /opt/devkitpro/libnx/lib/libnx.a(nv.o)
 .text._nvCmdInitialize.constprop.0
                0x000000000000f470       0xd4 /opt/devkitpro/libnx/lib/libnx.a(nv.o)
 *fill*         0x000000000000f544        0xc 
 .text.__nx_nv_create_tmem
                0x000000000000f550       0x18 /opt/devkitpro/libnx/lib/libnx.a(nv.o)
                0x000000000000f550                __nx_nv_create_tmem
 *fill*         0x000000000000f568        0x8 
 .text.nvInitialize
                0x000000000000f570      0x3a8 /opt/devkitpro/libnx/lib/libnx.a(nv.o)
                0x000000000000f570                nvInitialize
 *fill*         0x000000000000f918        0x8 
 .text.nvExit   0x000000000000f920       0x48 /opt/devkitpro/libnx/lib/libnx.a(nv.o)
                0x000000000000f920                nvExit
 *fill*         0x000000000000f968        0x8 
 .text.nvConvertError
                0x000000000000f970       0xf4 /opt/devkitpro/libnx/lib/libnx.a(nv.o)
                0x000000000000f970                nvConvertError
 *fill*         0x000000000000fa64        0xc 
 .text.nvOpen   0x000000000000fa70      0x114 /opt/devkitpro/libnx/lib/libnx.a(nv.o)
                0x000000000000fa70                nvOpen
 *fill*         0x000000000000fb84        0xc 
 .text.nvIoctl  0x000000000000fb90      0x310 /opt/devkitpro/libnx/lib/libnx.a(nv.o)
                0x000000000000fb90                nvIoctl
 .text.nvClose  0x000000000000fea0       0xd4 /opt/devkitpro/libnx/lib/libnx.a(nv.o)
                0x000000000000fea0                nvClose
 *fill*         0x000000000000ff74        0xc 
 .text.nvQueryEvent
                0x000000000000ff80      0x10c /opt/devkitpro/libnx/lib/libnx.a(nv.o)
                0x000000000000ff80                nvQueryEvent
 *fill*         0x000000000001008c        0x4 
 .text._setsysGetFirmwareVersionImpl
                0x0000000000010090       0xd0 /opt/devkitpro/libnx/lib/libnx.a(set.o)
 .text._setsysCleanup
                0x0000000000010160       0x78 /opt/devkitpro/libnx/lib/libnx.a(set.o)
 *fill*         0x00000000000101d8        0x8 
 .text.setsysInitialize
                0x00000000000101e0       0xa0 /opt/devkitpro/libnx/lib/libnx.a(set.o)
                0x00000000000101e0                setsysInitialize
 .text.setsysExit
                0x0000000000010280       0x48 /opt/devkitpro/libnx/lib/libnx.a(set.o)
                0x0000000000010280                setsysExit
 *fill*         0x00000000000102c8        0x8 
 .text.setsysGetFirmwareVersion
                0x00000000000102d0       0x48 /opt/devkitpro/libnx/lib/libnx.a(set.o)
                0x00000000000102d0                setsysGetFirmwareVersion
 *fill*         0x0000000000010318        0x8 
 .text._viCleanup
                0x0000000000010320      0x230 /opt/devkitpro/libnx/lib/libnx.a(vi.o)
 .text._viCmdGetSessionNoParams.constprop.0
                0x0000000000010550      0x100 /opt/devkitpro/libnx/lib/libnx.a(vi.o)
 .text.viInitialize
                0x0000000000010650      0x368 /opt/devkitpro/libnx/lib/libnx.a(vi.o)
                0x0000000000010650                viInitialize
 *fill*         0x00000000000109b8        0x8 
 .text.viExit   0x00000000000109c0       0x48 /opt/devkitpro/libnx/lib/libnx.a(vi.o)
                0x00000000000109c0                viExit
 *fill*         0x0000000000010a08        0x8 
 .text.viGetSession_IHOSBinderDriverRelay
                0x0000000000010a10        0xc /opt/devkitpro/libnx/lib/libnx.a(vi.o)
                0x0000000000010a10                viGetSession_IHOSBinderDriverRelay
 *fill*         0x0000000000010a1c        0x4 
 .text.viOpenDisplay
                0x0000000000010a20      0x10c /opt/devkitpro/libnx/lib/libnx.a(vi.o)
                0x0000000000010a20                viOpenDisplay
 *fill*         0x0000000000010b2c        0x4 
 .text.viCloseDisplay
                0x0000000000010b30       0xec /opt/devkitpro/libnx/lib/libnx.a(vi.o)
                0x0000000000010b30                viCloseDisplay
 *fill*         0x0000000000010c1c        0x4 
 .text.viCloseLayer
                0x0000000000010c20       0xf4 /opt/devkitpro/libnx/lib/libnx.a(vi.o)
                0x0000000000010c20                viCloseLayer
 *fill*         0x0000000000010d14        0xc 
 .text.viCreateLayer
                0x0000000000010d20      0x394 /opt/devkitpro/libnx/lib/libnx.a(vi.o)
                0x0000000000010d20                viCreateLayer
 *fill*         0x00000000000110b4        0xc 
 .text.viSetLayerScalingMode
                0x00000000000110c0       0xd8 /opt/devkitpro/libnx/lib/libnx.a(vi.o)
                0x00000000000110c0                viSetLayerScalingMode
 *fill*         0x0000000000011198        0x8 
 .text._nvFenceCleanup
                0x00000000000111a0       0x74 /opt/devkitpro/libnx/lib/libnx.a(fence.o)
 *fill*         0x0000000000011214        0xc 
 .text.nvFenceInit
                0x0000000000011220       0x98 /opt/devkitpro/libnx/lib/libnx.a(fence.o)
                0x0000000000011220                nvFenceInit
 *fill*         0x00000000000112b8        0x8 
 .text.nvFenceExit
                0x00000000000112c0       0x48 /opt/devkitpro/libnx/lib/libnx.a(fence.o)
                0x00000000000112c0                nvFenceExit
 *fill*         0x0000000000011308        0x8 
 .text.nvFenceWait
                0x0000000000011310      0x290 /opt/devkitpro/libnx/lib/libnx.a(fence.o)
                0x0000000000011310                nvFenceWait
 .text.nvMultiFenceWait
                0x00000000000115a0       0x7c /opt/devkitpro/libnx/lib/libnx.a(fence.o)
                0x00000000000115a0                nvMultiFenceWait
 *fill*         0x000000000001161c        0x4 
 .text.nvMapInit
                0x0000000000011620       0xac /opt/devkitpro/libnx/lib/libnx.a(map.o)
                0x0000000000011620                nvMapInit
 *fill*         0x00000000000116cc        0x4 
 .text.nvMapExit
                0x00000000000116d0       0x74 /opt/devkitpro/libnx/lib/libnx.a(map.o)
                0x00000000000116d0                nvMapExit
 *fill*         0x0000000000011744        0xc 
 .text.nvMapClose
                0x0000000000011750       0x8c /opt/devkitpro/libnx/lib/libnx.a(map.o)
                0x0000000000011750                nvMapClose
 *fill*         0x00000000000117dc        0x4 
 .text.nvMapCreate
                0x00000000000117e0      0x160 /opt/devkitpro/libnx/lib/libnx.a(map.o)
                0x00000000000117e0                nvMapCreate
 .text.nvioctlNvhostCtrl_EventSignal
                0x0000000000011940       0x24 /opt/devkitpro/libnx/lib/libnx.a(nvhost-ctrl.o)
                0x0000000000011940                nvioctlNvhostCtrl_EventSignal
 *fill*         0x0000000000011964        0xc 
 .text.nvioctlNvhostCtrl_EventWait
                0x0000000000011970       0x3c /opt/devkitpro/libnx/lib/libnx.a(nvhost-ctrl.o)
                0x0000000000011970                nvioctlNvhostCtrl_EventWait
 *fill*         0x00000000000119ac        0x4 
 .text.nvioctlNvhostCtrl_EventWaitAsync
                0x00000000000119b0       0x28 /opt/devkitpro/libnx/lib/libnx.a(nvhost-ctrl.o)
                0x00000000000119b0                nvioctlNvhostCtrl_EventWaitAsync
 *fill*         0x00000000000119d8        0x8 
 .text.nvioctlNvhostCtrl_EventRegister
                0x00000000000119e0       0x24 /opt/devkitpro/libnx/lib/libnx.a(nvhost-ctrl.o)
                0x00000000000119e0                nvioctlNvhostCtrl_EventRegister
 *fill*         0x0000000000011a04        0xc 
 .text.nvioctlNvhostCtrl_EventUnregister
                0x0000000000011a10       0x24 /opt/devkitpro/libnx/lib/libnx.a(nvhost-ctrl.o)
                0x0000000000011a10                nvioctlNvhostCtrl_EventUnregister
 *fill*         0x0000000000011a34        0xc 
 .text.nvioctlNvmap_Create
                0x0000000000011a40       0x3c /opt/devkitpro/libnx/lib/libnx.a(nvmap.o)
                0x0000000000011a40                nvioctlNvmap_Create
 *fill*         0x0000000000011a7c        0x4 
 .text.nvioctlNvmap_Alloc
                0x0000000000011a80       0x30 /opt/devkitpro/libnx/lib/libnx.a(nvmap.o)
                0x0000000000011a80                nvioctlNvmap_Alloc
 .text.nvioctlNvmap_Free
                0x0000000000011ab0       0x30 /opt/devkitpro/libnx/lib/libnx.a(nvmap.o)
                0x0000000000011ab0                nvioctlNvmap_Free
 .text.nvioctlNvmap_GetId
                0x0000000000011ae0       0x3c /opt/devkitpro/libnx/lib/libnx.a(nvmap.o)
                0x0000000000011ae0                nvioctlNvmap_GetId
 *fill*         0x0000000000011b1c        0x4 
 .text.binderCreate
                0x0000000000011b20       0x1c /opt/devkitpro/libnx/lib/libnx.a(binder.o)
                0x0000000000011b20                binderCreate
 *fill*         0x0000000000011b3c        0x4 
 .text.binderTransactParcel
                0x0000000000011b40      0x35c /opt/devkitpro/libnx/lib/libnx.a(binder.o)
                0x0000000000011b40                binderTransactParcel
 *fill*         0x0000000000011e9c        0x4 
 .text.binderConvertErrorCode
                0x0000000000011ea0       0xe8 /opt/devkitpro/libnx/lib/libnx.a(binder.o)
                0x0000000000011ea0                binderConvertErrorCode
 *fill*         0x0000000000011f88        0x8 
 .text.binderAdjustRefcount
                0x0000000000011f90      0x124 /opt/devkitpro/libnx/lib/libnx.a(binder.o)
                0x0000000000011f90                binderAdjustRefcount
 *fill*         0x00000000000120b4        0xc 
 .text.binderInitSession
                0x00000000000120c0       0x9c /opt/devkitpro/libnx/lib/libnx.a(binder.o)
                0x00000000000120c0                binderInitSession
 *fill*         0x000000000001215c        0x4 
 .text.binderClose
                0x0000000000012160       0x5c /opt/devkitpro/libnx/lib/libnx.a(binder.o)
                0x0000000000012160                binderClose
 *fill*         0x00000000000121bc        0x4 
 .text.binderGetNativeHandle
                0x00000000000121c0      0x154 /opt/devkitpro/libnx/lib/libnx.a(binder.o)
                0x00000000000121c0                binderGetNativeHandle
 *fill*         0x0000000000012314        0xc 
 .text.bqRequestBuffer
                0x0000000000012320       0xc8 /opt/devkitpro/libnx/lib/libnx.a(buffer_producer.o)
                0x0000000000012320                bqRequestBuffer
 *fill*         0x00000000000123e8        0x8 
 .text.bqDequeueBuffer
                0x00000000000123f0      0x128 /opt/devkitpro/libnx/lib/libnx.a(buffer_producer.o)
                0x00000000000123f0                bqDequeueBuffer
 *fill*         0x0000000000012518        0x8 
 .text.bqQueueBuffer
                0x0000000000012520       0xc8 /opt/devkitpro/libnx/lib/libnx.a(buffer_producer.o)
                0x0000000000012520                bqQueueBuffer
 *fill*         0x00000000000125e8        0x8 
 .text.bqCancelBuffer
                0x00000000000125f0       0x84 /opt/devkitpro/libnx/lib/libnx.a(buffer_producer.o)
                0x00000000000125f0                bqCancelBuffer
 *fill*         0x0000000000012674        0xc 
 .text.bqConnect
                0x0000000000012680       0xd0 /opt/devkitpro/libnx/lib/libnx.a(buffer_producer.o)
                0x0000000000012680                bqConnect
 .text.bqDisconnect
                0x0000000000012750       0x88 /opt/devkitpro/libnx/lib/libnx.a(buffer_producer.o)
                0x0000000000012750                bqDisconnect
 *fill*         0x00000000000127d8        0x8 
 .text.bqSetPreallocatedBuffer
                0x00000000000127e0      0x194 /opt/devkitpro/libnx/lib/libnx.a(buffer_producer.o)
                0x00000000000127e0                bqSetPreallocatedBuffer
 *fill*         0x0000000000012974        0xc 
 .text.parcelCreate
                0x0000000000012980       0x30 /opt/devkitpro/libnx/lib/libnx.a(parcel.o)
                0x0000000000012980                parcelCreate
 .text.parcelTransact
                0x00000000000129b0      0x174 /opt/devkitpro/libnx/lib/libnx.a(parcel.o)
                0x00000000000129b0                parcelTransact
 *fill*         0x0000000000012b24        0xc 
 .text.parcelWriteData
                0x0000000000012b30       0x80 /opt/devkitpro/libnx/lib/libnx.a(parcel.o)
                0x0000000000012b30                parcelWriteData
 .text.parcelReadData
                0x0000000000012bb0       0x88 /opt/devkitpro/libnx/lib/libnx.a(parcel.o)
                0x0000000000012bb0                parcelReadData
 *fill*         0x0000000000012c38        0x8 
 .text.parcelWriteInt32
                0x0000000000012c40       0x20 /opt/devkitpro/libnx/lib/libnx.a(parcel.o)
                0x0000000000012c40                parcelWriteInt32
 .text.parcelWriteUInt32
                0x0000000000012c60       0x20 /opt/devkitpro/libnx/lib/libnx.a(parcel.o)
                0x0000000000012c60                parcelWriteUInt32
 .text.parcelWriteString16
                0x0000000000012c80       0x7c /opt/devkitpro/libnx/lib/libnx.a(parcel.o)
                0x0000000000012c80                parcelWriteString16
 *fill*         0x0000000000012cfc        0x4 
 .text.parcelWriteInterfaceToken
                0x0000000000012d00       0x30 /opt/devkitpro/libnx/lib/libnx.a(parcel.o)
                0x0000000000012d00                parcelWriteInterfaceToken
 .text.parcelReadInt32
                0x0000000000012d30       0x24 /opt/devkitpro/libnx/lib/libnx.a(parcel.o)
                0x0000000000012d30                parcelReadInt32
 *fill*         0x0000000000012d54        0xc 
 .text.parcelReadFlattenedObject
                0x0000000000012d60       0x68 /opt/devkitpro/libnx/lib/libnx.a(parcel.o)
                0x0000000000012d60                parcelReadFlattenedObject
 *fill*         0x0000000000012dc8        0x8 
 .text.parcelWriteFlattenedObject
                0x0000000000012dd0       0x44 /opt/devkitpro/libnx/lib/libnx.a(parcel.o)
                0x0000000000012dd0                parcelWriteFlattenedObject
 *fill*         0x0000000000012e14        0xc 
 .text.strncat  0x0000000000012e20       0xc4 /opt/devkitpro/devkitA64/lib/gcc/aarch64-none-elf/15.2.0/../../../../aarch64-none-elf/lib/pic/libg.a(libc_a-strncat.o)
                0x0000000000012e20                strncat
 *fill*         0x0000000000012ee4       0x1c 
 .text          0x0000000000012f00       0xb8 /opt/devkitpro/devkitA64/lib/gcc/aarch64-none-elf/15.2.0/../../../../aarch64-none-elf/lib/pic/libg.a(libc_a-strnlen.o)
                0x0000000000012f00                strnlen
 *fill*         0x0000000000012fb8        0x8 
 .text.bsearch  0x0000000000012fc0       0xb4 /opt/devkitpro/devkitA64/lib/gcc/aarch64-none-elf/15.2.0/../../../../aarch64-none-elf/lib/pic/libg.a(libc_a-bsearch.o)
                0x0000000000012fc0                bsearch
 *fill*         0x0000000000013074        0xc 
 .text          0x0000000000013080      0x22c /opt/devkitpro/devkitA64/lib/gcc/aarch64-none-elf/15.2.0/../../../../aarch64-none-elf/lib/pic/libg.a(libc_a-memcpy.o)
                0x0000000000013080                memmove
                0x0000000000013080                memcpy
 *fill*         0x00000000000132ac       0x14 
 .text._fopen_r
                0x00000000000132c0      0x120 /opt/devkitpro/devkitA64/lib/gcc/aarch64-none-elf/15.2.0/../../../../aarch64-none-elf/lib/pic/libg.a(libc_a-fopen.o)
                0x00000000000132c0                _fopen_r
 .text.fopen    0x00000000000133e0       0x2c /opt/devkitpro/devkitA64/lib/gcc/aarch64-none-elf/15.2.0/../../../../aarch64-none-elf/lib/pic/libg.a(libc_a-fopen.o)
                0x00000000000133e0                fopen
 *fill*         0x000000000001340c       0x14 
 .text.gmtime   0x0000000000013420       0x28 /opt/devkitpro/devkitA64/lib/gcc/aarch64-none-elf/15.2.0/../../../../aarch64-none-elf/lib/pic/libg.a(libc_a-gmtime.o)
                0x0000000000013420                gmtime
 *fill*         0x0000000000013448       0x38 
 .text          0x0000000000013480      0x104 /opt/devkitpro/devkitA64/lib/gcc/aarch64-none-elf/15.2.0/../../../../aarch64-none-elf/lib/pic/libg.a(libc_a-memset.o)
                0x0000000000013480                memset
 *fill*         0x0000000000013584       0x1c 
 .text.snprintf
                0x00000000000135a0       0xf8 /opt/devkitpro/devkitA64/lib/gcc/aarch64-none-elf/15.2.0/../../../../aarch64-none-elf/lib/pic/libg.a(libc_a-snprintf.o)
                0x00000000000135a0                snprintf
 *fill*         0x0000000000013698        0x8 
 .text.printf   0x00000000000136a0       0x80 /opt/devkitpro/devkitA64/lib/gcc/aarch64-none-elf/15.2.0/../../../../aarch64-none-elf/lib/pic/libg.a(libc_a-printf.o)
                0x00000000000136a0                printf
 .text._strtoul_l.isra.0
                0x0000000000013720      0x1a4 /opt/devkitpro/devkitA64/lib/gcc/aarch64-none-elf/15.2.0/../../../../aarch64-none-elf/lib/pic/libg.a(libc_a-strtoul.o)
 *fill*         0x00000000000138c4       0x1c 
 .text.strtoul  0x00000000000138e0       0x40 /opt/devkitpro/devkitA64/lib/gcc/aarch64-none-elf/15.2.0/../../../../aarch64-none-elf/lib/pic/libg.a(libc_a-strtoul.o)
                0x00000000000138e0                strtoul
 .text.aligned_alloc
                0x0000000000013920       0x2c /opt/devkitpro/devkitA64/lib/gcc/aarch64-none-elf/15.2.0/../../../../aarch64-none-elf/lib/pic/libg.a(libc_a-aligned_alloc.o)
                0x0000000000013920                aligned_alloc
 *fill*         0x000000000001394c       0x14 
 .text._memalign_r
                0x0000000000013960      0x18c /opt/devkitpro/devkitA64/lib/gcc/aarch64-none-elf/15.2.0/../../../../aarch64-none-elf/lib/pic/libg.a(libc_a-malignr.o)
                0x0000000000013960                _memalign_r
 *fill*         0x0000000000013aec       0x14 
 .text.__errno  0x0000000000013b00       0x14 /opt/devkitpro/devkitA64/lib/gcc/aarch64-none-elf/15.2.0/../../../../aarch64-none-elf/lib/pic/libg.a(libc_a-errno.o)
                0x0000000000013b00                __errno
 *fill*         0x0000000000013b14       0x2c 
 .text          0x0000000000013b40      0x130 /opt/devkitpro/devkitA64/lib/gcc/aarch64-none-elf/15.2.0/../../../../aarch64-none-elf/lib/pic/libg.a(libc_a-strlen.o)
                0x0000000000013b40                strlen
 *fill*         0x0000000000013c70       0x10 
 .text._fwrite_r
                0x0000000000013c80       0xf4 /opt/devkitpro/devkitA64/lib/gcc/aarch64-none-elf/15.2.0/../../../../aarch64-none-elf/lib/pic/libg.a(libc_a-fwrite.o)
                0x0000000000013c80                _fwrite_r
 *fill*         0x0000000000013d74        0xc 
 .text.fwrite   0x0000000000013d80       0x34 /opt/devkitpro/devkitA64/lib/gcc/aarch64-none-elf/15.2.0/../../../../aarch64-none-elf/lib/pic/libg.a(libc_a-fwrite.o)
                0x0000000000013d80                fwrite
 *fill*         0x0000000000013db4        0xc 
 .text          0x0000000000013dc0      0x1b4 /opt/devkitpro/devkitA64/lib/gcc/aarch64-none-elf/15.2.0/../../../../aarch64-none-elf/lib/pic/libg.a(libc_a-strncmp.o)
                0x0000000000013dc0                strncmp
 *fill*         0x0000000000013f74        0xc 
 .text._malloc_r
                0x0000000000013f80      0x840 /opt/devkitpro/devkitA64/lib/gcc/aarch64-none-elf/15.2.0/../../../../aarch64-none-elf/lib/pic/libg.a(libc_a-mallocr.o)
                0x0000000000013f80                _malloc_r
 .text._malloc_trim_r
                0x00000000000147c0      0x11c /opt/devkitpro/devkitA64/lib/gcc/aarch64-none-elf/15.2.0/../../../../aarch64-none-elf/lib/pic/libg.a(libc_a-freer.o)
                0x00000000000147c0                _malloc_trim_r
 *fill*         0x00000000000148dc        0x4 
 .text._free_r  0x00000000000148e0      0x2d8 /opt/devkitpro/devkitA64/lib/gcc/aarch64-none-elf/15.2.0/../../../../aarch64-none-elf/lib/pic/libg.a(libc_a-freer.o)
                0x00000000000148e0                _free_r
 *fill*         0x0000000000014bb8        0x8 
 .text.setvbuf  0x0000000000014bc0      0x278 /opt/devkitpro/devkitA64/lib/gcc/aarch64-none-elf/15.2.0/../../../../aarch64-none-elf/lib/pic/libg.a(libc_a-setvbuf.o)
                0x0000000000014bc0                setvbuf
 *fill*         0x0000000000014e38        0x8 
 .text.stdio_exit_handler
                0x0000000000014e40       0x1c /opt/devkitpro/devkitA64/lib/gcc/aarch64-none-elf/15.2.0/../../../../aarch64-none-elf/lib/pic/libg.a(libc_a-findfp.o)
 *fill*         0x0000000000014e5c        0x4 
 .text.cleanup_stdio
                0x0000000000014e60       0x6c /opt/devkitpro/devkitA64/lib/gcc/aarch64-none-elf/15.2.0/../../../../aarch64-none-elf/lib/pic/libg.a(libc_a-findfp.o)
 *fill*         0x0000000000014ecc       0x14 
 .text.global_stdio_init.part.0
                0x0000000000014ee0      0x128 /opt/devkitpro/devkitA64/lib/gcc/aarch64-none-elf/15.2.0/../../../../aarch64-none-elf/lib/pic/libg.a(libc_a-findfp.o)
 *fill*         0x0000000000015008       0x18 
 .text.__sfp_lock_acquire
                0x0000000000015020        0xc /opt/devkitpro/devkitA64/lib/gcc/aarch64-none-elf/15.2.0/../../../../aarch64-none-elf/lib/pic/libg.a(libc_a-findfp.o)
                0x0000000000015020                __sfp_lock_acquire
 *fill*         0x000000000001502c       0x14 
 .text.__sfp_lock_release
                0x0000000000015040        0xc /opt/devkitpro/devkitA64/lib/gcc/aarch64-none-elf/15.2.0/../../../../aarch64-none-elf/lib/pic/libg.a(libc_a-findfp.o)
                0x0000000000015040                __sfp_lock_release
 *fill*         0x000000000001504c       0x14 
 .text.__sfp    0x0000000000015060      0x130 /opt/devkitpro/devkitA64/lib/gcc/aarch64-none-elf/15.2.0/../../../../aarch64-none-elf/lib/pic/libg.a(libc_a-findfp.o)
                0x0000000000015060                __sfp
 *fill*         0x0000000000015190       0x10 
 .text.__sinit  0x00000000000151a0       0x54 /opt/devkitpro/devkitA64/lib/gcc/aarch64-none-elf/15.2.0/../../../../aarch64-none-elf/lib/pic/libg.a(libc_a-findfp.o)
                0x00000000000151a0                __sinit
 *fill*         0x00000000000151f4        0xc 
 .text.__libc_init_array
                0x0000000000015200       0xa4 /opt/devkitpro/devkitA64/lib/gcc/aarch64-none-elf/15.2.0/../../../../aarch64-none-elf/lib/pic/libg.a(libc_a-init.o)
                0x0000000000015200                __libc_init_array
 *fill*         0x00000000000152a4       0x1c 
 .text.strncpy  0x00000000000152c0       0xac /opt/devkitpro/devkitA64/lib/gcc/aarch64-none-elf/15.2.0/../../../../aarch64-none-elf/lib/pic/libg.a(libc_a-strncpy.o)
                0x00000000000152c0                strncpy
 *fill*         0x000000000001536c       0x14 
 .text._fseek_r
                0x0000000000015380        0x4 /opt/devkitpro/devkitA64/lib/gcc/aarch64-none-elf/15.2.0/../../../../aarch64-none-elf/lib/pic/libg.a(libc_a-fseek.o)
                0x0000000000015380                _fseek_r
 *fill*         0x0000000000015384       0x1c 
 .text.malloc   0x00000000000153a0       0x38 /opt/devkitpro/devkitA64/lib/gcc/aarch64-none-elf/15.2.0/../../../../aarch64-none-elf/lib/pic/libg.a(libc_a-malloc.o)
                0x00000000000153a0                malloc
 *fill*         0x00000000000153d8        0x8 
 .text.free     0x00000000000153e0       0x1c /opt/devkitpro/devkitA64/lib/gcc/aarch64-none-elf/15.2.0/../../../../aarch64-none-elf/lib/pic/libg.a(libc_a-malloc.o)
                0x00000000000153e0                free
 *fill*         0x00000000000153fc        0x4 
 .text._puts_r  0x0000000000015400       0xd4 /opt/devkitpro/devkitA64/lib/gcc/aarch64-none-elf/15.2.0/../../../../aarch64-none-elf/lib/pic/libg.a(libc_a-puts.o)
                0x0000000000015400                _puts_r
 *fill*         0x00000000000154d4        0xc 
 .text.puts     0x00000000000154e0       0x1c /opt/devkitpro/devkitA64/lib/gcc/aarch64-none-elf/15.2.0/../../../../aarch64-none-elf/lib/pic/libg.a(libc_a-puts.o)
                0x00000000000154e0                puts
 *fill*         0x00000000000154fc        0x4 
 .text.__sread  0x0000000000015500       0x4c /opt/devkitpro/devkitA64/lib/gcc/aarch64-none-elf/15.2.0/../../../../aarch64-none-elf/lib/pic/libg.a(libc_a-stdio.o)
                0x0000000000015500                __sread
 *fill*         0x000000000001554c       0x14 
 .text.__swrite
                0x0000000000015560       0x70 /opt/devkitpro/devkitA64/lib/gcc/aarch64-none-elf/15.2.0/../../../../aarch64-none-elf/lib/pic/libg.a(libc_a-stdio.o)
                0x0000000000015560                __swrite
 *fill*         0x00000000000155d0       0x10 
 .text.__sseek  0x00000000000155e0       0x50 /opt/devkitpro/devkitA64/lib/gcc/aarch64-none-elf/15.2.0/../../../../aarch64-none-elf/lib/pic/libg.a(libc_a-stdio.o)
                0x00000000000155e0                __sseek
 *fill*         0x0000000000015630       0x10 
 .text.__sclose
                0x0000000000015640        0x8 /opt/devkitpro/devkitA64/lib/gcc/aarch64-none-elf/15.2.0/../../../../aarch64-none-elf/lib/pic/libg.a(libc_a-stdio.o)
                0x0000000000015640                __sclose
 *fill*         0x0000000000015648       0x18 
 .text.__malloc_lock
                0x0000000000015660        0xc /opt/devkitpro/devkitA64/lib/gcc/aarch64-none-elf/15.2.0/../../../../aarch64-none-elf/lib/pic/libg.a(libc_a-mlock.o)
                0x0000000000015660                __malloc_lock
 *fill*         0x000000000001566c       0x14 
 .text.__malloc_unlock
                0x0000000000015680        0xc /opt/devkitpro/devkitA64/lib/gcc/aarch64-none-elf/15.2.0/../../../../aarch64-none-elf/lib/pic/libg.a(libc_a-mlock.o)
                0x0000000000015680                __malloc_unlock
 *fill*         0x000000000001568c       0x14 
 .text._fseeko_r
                0x00000000000156a0      0x4c0 /opt/devkitpro/devkitA64/lib/gcc/aarch64-none-elf/15.2.0/../../../../aarch64-none-elf/lib/pic/libg.a(libc_a-fseeko.o)
                0x00000000000156a0                _fseeko_r
 .text._fclose_r
                0x0000000000015b60      0x130 /opt/devkitpro/devkitA64/lib/gcc/aarch64-none-elf/15.2.0/../../../../aarch64-none-elf/lib/pic/libg.a(libc_a-fclose.o)
                0x0000000000015b60                _fclose_r
 *fill*         0x0000000000015c90       0x10 
 .text.fclose   0x0000000000015ca0       0x1c /opt/devkitpro/devkitA64/lib/gcc/aarch64-none-elf/15.2.0/../../../../aarch64-none-elf/lib/pic/libg.a(libc_a-fclose.o)
                0x0000000000015ca0                fclose
 *fill*         0x0000000000015cbc        0x4 
 .text.fprintf  0x0000000000015cc0       0x80 /opt/devkitpro/devkitA64/lib/gcc/aarch64-none-elf/15.2.0/../../../../aarch64-none-elf/lib/pic/libg.a(libc_a-fprintf.o)
                0x0000000000015cc0                fprintf
 .text.setenv   0x0000000000015d40       0x34 /opt/devkitpro/devkitA64/lib/gcc/aarch64-none-elf/15.2.0/../../../../aarch64-none-elf/lib/pic/libg.a(libc_a-setenv.o)
                0x0000000000015d40                setenv
 *fill*         0x0000000000015d74        0xc 
 .text.__call_exitprocs
                0x0000000000015d80        0x4 /opt/devkitpro/devkitA64/lib/gcc/aarch64-none-elf/15.2.0/../../../../aarch64-none-elf/lib/pic/libg.a(libc_a-exit.o)
                0x0000000000015d80                __call_exitprocs
 .text.get_arg  0x0000000000015d84      0x790 /opt/devkitpro/devkitA64/lib/gcc/aarch64-none-elf/15.2.0/../../../../aarch64-none-elf/lib/pic/libg.a(libc_a-svfprintf.o)
 .text._svfprintf_r
                0x0000000000016514     0x3a84 /opt/devkitpro/devkitA64/lib/gcc/aarch64-none-elf/15.2.0/../../../../aarch64-none-elf/lib/pic/libg.a(libc_a-svfprintf.o)
                0x0000000000016514                _svfprintf_r
 *fill*         0x0000000000019f98        0x8 
 .text.__sflags
                0x0000000000019fa0       0xb8 /opt/devkitpro/devkitA64/lib/gcc/aarch64-none-elf/15.2.0/../../../../aarch64-none-elf/lib/pic/libg.a(libc_a-flags.o)
                0x0000000000019fa0                __sflags
 *fill*         0x000000000001a058       0x28 
 .text          0x000000000001a080      0x134 /opt/devkitpro/devkitA64/lib/gcc/aarch64-none-elf/15.2.0/../../../../aarch64-none-elf/lib/pic/libg.a(libc_a-strcmp.o)
                0x000000000001a080                strcmp
 *fill*         0x000000000001a1b4        0xc 
 .text.__libc_fini_array
                0x000000000001a1c0       0x44 /opt/devkitpro/devkitA64/lib/gcc/aarch64-none-elf/15.2.0/../../../../aarch64-none-elf/lib/pic/libg.a(libc_a-fini.o)
                0x000000000001a1c0                __libc_fini_array
 *fill*         0x000000000001a204       0x1c 
 .text.gmtime_r
                0x000000000001a220      0x2a0 /opt/devkitpro/devkitA64/lib/gcc/aarch64-none-elf/15.2.0/../../../../aarch64-none-elf/lib/pic/libg.a(libc_a-gmtime_r.o)
                0x000000000001a220                gmtime_r
 .text          0x000000000001a4c0       0xdc /opt/devkitpro/devkitA64/lib/gcc/aarch64-none-elf/15.2.0/../../../../aarch64-none-elf/lib/pic/libg.a(libc_a-memchr.o)
                0x000000000001a4c0                memchr
 *fill*         0x000000000001a59c        0x4 
 .text.lflush   0x000000000001a5a0       0x38 /opt/devkitpro/devkitA64/lib/gcc/aarch64-none-elf/15.2.0/../../../../aarch64-none-elf/lib/pic/libg.a(libc_a-refill.o)
 *fill*         0x000000000001a5d8        0x8 
 .text.__srefill_r
                0x000000000001a5e0      0x190 /opt/devkitpro/devkitA64/lib/gcc/aarch64-none-elf/15.2.0/../../../../aarch64-none-elf/lib/pic/libg.a(libc_a-refill.o)
                0x000000000001a5e0                __srefill_r
 *fill*         0x000000000001a770       0x10 
 .text.frexp    0x000000000001a780       0x7c /opt/devkitpro/devkitA64/lib/gcc/aarch64-none-elf/15.2.0/../../../../aarch64-none-elf/lib/pic/libg.a(libm_a-s_frexp.o)
                0x000000000001a780                frexp
 *fill*         0x000000000001a7fc        0x4 
 .text._setenv_r
                0x000000000001a800      0x258 /opt/devkitpro/devkitA64/lib/gcc/aarch64-none-elf/15.2.0/../../../../aarch64-none-elf/lib/pic/libg.a(libc_a-setenv_r.o)
                0x000000000001a800                _setenv_r
 *fill*         0x000000000001aa58        0x8 
 .text._fwalk_sglue
                0x000000000001aa60       0x98 /opt/devkitpro/devkitA64/lib/gcc/aarch64-none-elf/15.2.0/../../../../aarch64-none-elf/lib/pic/libg.a(libc_a-fwalk.o)
                0x000000000001aa60                _fwalk_sglue
 .text.get_arg  0x000000000001aaf8      0x790 /opt/devkitpro/devkitA64/lib/gcc/aarch64-none-elf/15.2.0/../../../../aarch64-none-elf/lib/pic/libg.a(libc_a-vfprintf.o)
 .text._vfprintf_r
                0x000000000001b288     0x3bd4 /opt/devkitpro/devkitA64/lib/gcc/aarch64-none-elf/15.2.0/../../../../aarch64-none-elf/lib/pic/libg.a(libc_a-vfprintf.o)
                0x000000000001b288                _vfprintf_r
 .text.__sbprintf
                0x000000000001ee5c       0xcc /opt/devkitpro/devkitA64/lib/gcc/aarch64-none-elf/15.2.0/../../../../aarch64-none-elf/lib/pic/libg.a(libc_a-vfprintf.o)
 *fill*         0x000000000001ef28       0x18 
 .text._wcrtomb_r
                0x000000000001ef40       0xd0 /opt/devkitpro/devkitA64/lib/gcc/aarch64-none-elf/15.2.0/../../../../aarch64-none-elf/lib/pic/libg.a(libc_a-wcrtomb.o)
                0x000000000001ef40                _wcrtomb_r
 *fill*         0x000000000001f010       0x10 
 .text.__ssprint_r
                0x000000000001f020       0xc8 /opt/devkitpro/devkitA64/lib/gcc/aarch64-none-elf/15.2.0/../../../../aarch64-none-elf/lib/pic/libg.a(libc_a-ssprint_r.o)
                0x000000000001f020                __ssprint_r
 *fill*         0x000000000001f0e8       0x18 
 .text.__sfvwrite_r
                0x000000000001f100      0x4a4 /opt/devkitpro/devkitA64/lib/gcc/aarch64-none-elf/15.2.0/../../../../aarch64-none-elf/lib/pic/libg.a(libc_a-fvwrite.o)
                0x000000000001f100                __sfvwrite_r
 *fill*         0x000000000001f5a4       0x1c 
 .text.__swhatbuf_r
                0x000000000001f5c0       0xb0 /opt/devkitpro/devkitA64/lib/gcc/aarch64-none-elf/15.2.0/../../../../aarch64-none-elf/lib/pic/libg.a(libc_a-makebuf.o)
                0x000000000001f5c0                __swhatbuf_r
 *fill*         0x000000000001f670       0x10 
 .text.__smakebuf_r
                0x000000000001f680       0xe8 /opt/devkitpro/devkitA64/lib/gcc/aarch64-none-elf/15.2.0/../../../../aarch64-none-elf/lib/pic/libg.a(libc_a-makebuf.o)
                0x000000000001f680                __smakebuf_r
 *fill*         0x000000000001f768       0x18 
 .text.__locale_mb_cur_max
                0x000000000001f780       0x2c /opt/devkitpro/devkitA64/lib/gcc/aarch64-none-elf/15.2.0/../../../../aarch64-none-elf/lib/pic/libg.a(libc_a-locale.o)
                0x000000000001f780                __locale_mb_cur_max
 *fill*         0x000000000001f7ac       0x14 
 .text.__sflush_r
                0x000000000001f7c0      0x1ec /opt/devkitpro/devkitA64/lib/gcc/aarch64-none-elf/15.2.0/../../../../aarch64-none-elf/lib/pic/libg.a(libc_a-fflush.o)
                0x000000000001f7c0                __sflush_r
 *fill*         0x000000000001f9ac       0x14 
 .text._fflush_r
                0x000000000001f9c0       0xbc /opt/devkitpro/devkitA64/lib/gcc/aarch64-none-elf/15.2.0/../../../../aarch64-none-elf/lib/pic/libg.a(libc_a-fflush.o)
                0x000000000001f9c0                _fflush_r
 *fill*         0x000000000001fa7c        0x4 
 .text.__sprint_r
                0x000000000001fa80       0x38 /opt/devkitpro/devkitA64/lib/gcc/aarch64-none-elf/15.2.0/../../../../aarch64-none-elf/lib/pic/libg.a(libc_a-sprint_r.o)
                0x000000000001fa80                __sprint_r
 *fill*         0x000000000001fab8        0x8 
 .text.quorem   0x000000000001fac0      0x1a4 /opt/devkitpro/devkitA64/lib/gcc/aarch64-none-elf/15.2.0/../../../../aarch64-none-elf/lib/pic/libg.a(libc_a-dtoa.o)
 *fill*         0x000000000001fc64       0x1c 
 .text._dtoa_r  0x000000000001fc80     0x12f0 /opt/devkitpro/devkitA64/lib/gcc/aarch64-none-elf/15.2.0/../../../../aarch64-none-elf/lib/pic/libg.a(libc_a-dtoa.o)
                0x000000000001fc80                _dtoa_r
 *fill*         0x0000000000020f70       0x10 
 .text._wcsrtombs_r
                0x0000000000020f80       0x10 /opt/devkitpro/devkitA64/lib/gcc/aarch64-none-elf/15.2.0/../../../../aarch64-none-elf/lib/pic/libg.a(libc_a-wcsrtombs.o)
                0x0000000000020f80                _wcsrtombs_r
 *fill*         0x0000000000020f90       0x10 
 .text.__swsetup_r
                0x0000000000020fa0      0x12c /opt/devkitpro/devkitA64/lib/gcc/aarch64-none-elf/15.2.0/../../../../aarch64-none-elf/lib/pic/libg.a(libc_a-wsetup.o)
                0x0000000000020fa0                __swsetup_r
 *fill*         0x00000000000210cc       0x14 
 .text._findenv_r
                0x00000000000210e0       0xf4 /opt/devkitpro/devkitA64/lib/gcc/aarch64-none-elf/15.2.0/../../../../aarch64-none-elf/lib/pic/libg.a(libc_a-getenv_r.o)
                0x00000000000210e0                _findenv_r
 *fill*         0x00000000000211d4        0xc 
 .text.__localeconv_l
                0x00000000000211e0        0x8 /opt/devkitpro/devkitA64/lib/gcc/aarch64-none-elf/15.2.0/../../../../aarch64-none-elf/lib/pic/libg.a(libc_a-localeconv.o)
                0x00000000000211e0                __localeconv_l
 *fill*         0x00000000000211e8       0x18 
 .text._localeconv_r
                0x0000000000021200       0x28 /opt/devkitpro/devkitA64/lib/gcc/aarch64-none-elf/15.2.0/../../../../aarch64-none-elf/lib/pic/libg.a(libc_a-localeconv.o)
                0x0000000000021200                _localeconv_r
 *fill*         0x0000000000021228       0x18 
 .text._realloc_r
                0x0000000000021240      0x568 /opt/devkitpro/devkitA64/lib/gcc/aarch64-none-elf/15.2.0/../../../../aarch64-none-elf/lib/pic/libg.a(libc_a-reallocr.o)
                0x0000000000021240                _realloc_r
 *fill*         0x00000000000217a8       0x18 
 .text.__ssputs_r
                0x00000000000217c0      0x188 /opt/devkitpro/devkitA64/lib/gcc/aarch64-none-elf/15.2.0/../../../../aarch64-none-elf/lib/pic/libg.a(libc_a-ssputs_r.o)
                0x00000000000217c0                __ssputs_r
 *fill*         0x0000000000021948       0x18 
 .text.__utf8_wctomb
                0x0000000000021960       0xe0 /opt/devkitpro/devkitA64/lib/gcc/aarch64-none-elf/15.2.0/../../../../aarch64-none-elf/lib/pic/libg.a(libc_a-wctomb_r.o)
                0x0000000000021960                __utf8_wctomb
 .text._wcsnrtombs_l
                0x0000000000021a40      0x188 /opt/devkitpro/devkitA64/lib/gcc/aarch64-none-elf/15.2.0/../../../../aarch64-none-elf/lib/pic/libg.a(libc_a-wcsnrtombs.o)
                0x0000000000021a40                _wcsnrtombs_l
 *fill*         0x0000000000021bc8       0x18 
 .text._wcsnrtombs_r
                0x0000000000021be0       0x54 /opt/devkitpro/devkitA64/lib/gcc/aarch64-none-elf/15.2.0/../../../../aarch64-none-elf/lib/pic/libg.a(libc_a-wcsnrtombs.o)
                0x0000000000021be0                _wcsnrtombs_r
 *fill*         0x0000000000021c34        0xc 
 .text          0x0000000000021c40       0xcc /opt/devkitpro/devkitA64/lib/gcc/aarch64-none-elf/15.2.0/../../../../aarch64-none-elf/lib/pic/libg.a(libc_a-strchr.o)
                0x0000000000021c40                strchr
 *fill*         0x0000000000021d0c       0x14 
 .text.__env_lock
                0x0000000000021d20        0xc /opt/devkitpro/devkitA64/lib/gcc/aarch64-none-elf/15.2.0/../../../../aarch64-none-elf/lib/pic/libg.a(libc_a-envlock.o)
                0x0000000000021d20                __env_lock
 *fill*         0x0000000000021d2c       0x14 
 .text.__env_unlock
                0x0000000000021d40        0xc /opt/devkitpro/devkitA64/lib/gcc/aarch64-none-elf/15.2.0/../../../../aarch64-none-elf/lib/pic/libg.a(libc_a-envlock.o)
                0x0000000000021d40                __env_unlock
 *fill*         0x0000000000021d4c       0x14 
 .text.__assert_func
                0x0000000000021d60       0x64 /opt/devkitpro/devkitA64/lib/gcc/aarch64-none-elf/15.2.0/../../../../aarch64-none-elf/lib/pic/libg.a(libc_a-assert.o)
                0x0000000000021d60                __assert_func
 *fill*         0x0000000000021dc4       0x1c 
 .text._Balloc  0x0000000000021de0       0xa4 /opt/devkitpro/devkitA64/lib/gcc/aarch64-none-elf/15.2.0/../../../../aarch64-none-elf/lib/pic/libg.a(libc_a-mprec.o)
                0x0000000000021de0                _Balloc
 *fill*         0x0000000000021e84       0x1c 
 .text._Bfree   0x0000000000021ea0       0x20 /opt/devkitpro/devkitA64/lib/gcc/aarch64-none-elf/15.2.0/../../../../aarch64-none-elf/lib/pic/libg.a(libc_a-mprec.o)
                0x0000000000021ea0                _Bfree
 .text.__multadd
                0x0000000000021ec0      0x118 /opt/devkitpro/devkitA64/lib/gcc/aarch64-none-elf/15.2.0/../../../../aarch64-none-elf/lib/pic/libg.a(libc_a-mprec.o)
                0x0000000000021ec0                __multadd
 *fill*         0x0000000000021fd8        0x8 
 .text.__hi0bits
                0x0000000000021fe0       0x94 /opt/devkitpro/devkitA64/lib/gcc/aarch64-none-elf/15.2.0/../../../../aarch64-none-elf/lib/pic/libg.a(libc_a-mprec.o)
                0x0000000000021fe0                __hi0bits
 *fill*         0x0000000000022074        0xc 
 .text.__lo0bits
                0x0000000000022080      0x100 /opt/devkitpro/devkitA64/lib/gcc/aarch64-none-elf/15.2.0/../../../../aarch64-none-elf/lib/pic/libg.a(libc_a-mprec.o)
                0x0000000000022080                __lo0bits